Archive member included to satisfy reference by file (symbol)

/home/nubian/project1/lib_proj1.a(led_part.o)
                              obj/Release/main.o (led_init)
/home/nubian/project1/lib_proj1.a(rtc.o)
                              obj/Release/main.o (rtc_init)
/home/nubian/project1/lib_proj1.a(str.o)
                              /home/nubian/project1/lib_proj1.a(rtc.o) (str_cpy)
/home/nubian/project1/lib_proj1.a(uart.o)
                              obj/Release/main.o (uart_init)
/home/nubian/project1/lib_proj1.a(serial.o)
                              /home/nubian/project1/lib_proj1.a(uart.o) (serial_init)
/usr/lib/gcc/avr/4.9.2/avr5/libgcc.a(_mulsi3.o)
                              /home/nubian/project1/lib_proj1.a(rtc.o) (__mulsi3)
/usr/lib/gcc/avr/4.9.2/avr5/libgcc.a(_udivmodhi4.o)
                              /home/nubian/project1/lib_proj1.a(rtc.o) (__udivmodhi4)
/usr/lib/gcc/avr/4.9.2/avr5/libgcc.a(_udivmodsi4.o)
                              /home/nubian/project1/lib_proj1.a(rtc.o) (__udivmodsi4)
/usr/lib/gcc/avr/4.9.2/avr5/libgcc.a(_divmodsi4.o)
                              /home/nubian/project1/lib_proj1.a(uart.o) (__divmodsi4)
/usr/lib/gcc/avr/4.9.2/avr5/libgcc.a(_negsi2.o)
                              /usr/lib/gcc/avr/4.9.2/avr5/libgcc.a(_divmodsi4.o) (__negsi2)
/usr/lib/gcc/avr/4.9.2/avr5/libgcc.a(_exit.o)
                              /usr/lib/gcc/avr/4.9.2/../../../avr/lib/avr5/crtatmega328p.o (exit)
/usr/lib/gcc/avr/4.9.2/avr5/libgcc.a(_copy_data.o)
                              obj/Release/delay.o (__do_copy_data)
/usr/lib/gcc/avr/4.9.2/avr5/libgcc.a(_clear_bss.o)
                              obj/Release/delay.o (__do_clear_bss)
/usr/lib/gcc/avr/4.9.2/avr5/libgcc.a(_umulhisi3.o)
                              /home/nubian/project1/lib_proj1.a(rtc.o) (__umulhisi3)
/usr/lib/gcc/avr/4.9.2/avr5/libgcc.a(_muluhisi3.o)
                              /home/nubian/project1/lib_proj1.a(rtc.o) (__muluhisi3)

Allocating common symbols
Common symbol       size              file

rxbuf               0x40              /home/nubian/project1/lib_proj1.a(serial.o)
limit               0x4               obj/Release/delay.o
rtc_base            0x4               /home/nubian/project1/lib_proj1.a(rtc.o)
blink_msg           0x2               obj/Release/led.o
txbuf               0x40              /home/nubian/project1/lib_proj1.a(serial.o)

Memory Configuration

Name             Origin             Length             Attributes
text             0x0000000000000000 0x0000000000020000 xr
data             0x0000000000800060 0x000000000000ffa0 rw !x
eeprom           0x0000000000810000 0x0000000000010000 rw !x
fuse             0x0000000000820000 0x0000000000000400 rw !x
lock             0x0000000000830000 0x0000000000000400 rw !x
signature        0x0000000000840000 0x0000000000000400 rw !x
user_signatures  0x0000000000850000 0x0000000000000400 rw !x
*default*        0x0000000000000000 0xffffffffffffffff

Linker script and memory map

Address of section .data set to 0x800100
LOAD /usr/lib/gcc/avr/4.9.2/../../../avr/lib/avr5/crtatmega328p.o
LOAD obj/Release/delay.o
LOAD obj/Release/fuse.o
LOAD obj/Release/led.o
LOAD obj/Release/main.o
LOAD obj/Release/timer1.o
LOAD /home/nubian/project1/lib_proj1.a
LOAD /usr/lib/gcc/avr/4.9.2/avr5/libgcc.a
LOAD /usr/lib/gcc/avr/4.9.2/../../../avr/lib/avr5/libm.a
START GROUP
LOAD /usr/lib/gcc/avr/4.9.2/avr5/libgcc.a
LOAD /usr/lib/gcc/avr/4.9.2/../../../avr/lib/avr5/libm.a
LOAD /usr/lib/gcc/avr/4.9.2/../../../avr/lib/avr5/libc.a
LOAD /usr/lib/gcc/avr/4.9.2/../../../avr/lib/avr5/libatmega328p.a
END GROUP

.hash
 *(.hash)

.dynsym
 *(.dynsym)

.dynstr
 *(.dynstr)

.gnu.version
 *(.gnu.version)

.gnu.version_d
 *(.gnu.version_d)

.gnu.version_r
 *(.gnu.version_r)

.rel.init
 *(.rel.init)

.rela.init
 *(.rela.init)

.rel.text
 *(.rel.text)
 *(.rel.text.*)
 *(.rel.gnu.linkonce.t*)

.rela.text
 *(.rela.text)
 *(.rela.text.*)
 *(.rela.gnu.linkonce.t*)

.rel.fini
 *(.rel.fini)

.rela.fini
 *(.rela.fini)

.rel.rodata
 *(.rel.rodata)
 *(.rel.rodata.*)
 *(.rel.gnu.linkonce.r*)

.rela.rodata
 *(.rela.rodata)
 *(.rela.rodata.*)
 *(.rela.gnu.linkonce.r*)

.rel.data
 *(.rel.data)
 *(.rel.data.*)
 *(.rel.gnu.linkonce.d*)

.rela.data
 *(.rela.data)
 *(.rela.data.*)
 *(.rela.gnu.linkonce.d*)

.rel.ctors
 *(.rel.ctors)

.rela.ctors
 *(.rela.ctors)

.rel.dtors
 *(.rel.dtors)

.rela.dtors
 *(.rela.dtors)

.rel.got
 *(.rel.got)

.rela.got
 *(.rela.got)

.rel.bss
 *(.rel.bss)

.rela.bss
 *(.rela.bss)

.rel.plt
 *(.rel.plt)

.rela.plt
 *(.rela.plt)

.text           0x0000000000000000      0xf6c
 *(.vectors)
 .vectors       0x0000000000000000       0x68 /usr/lib/gcc/avr/4.9.2/../../../avr/lib/avr5/crtatmega328p.o
                0x0000000000000000                __vectors
                0x0000000000000000                __vector_default
 *(.vectors)
 *(.progmem.gcc*)
                0x0000000000000068                . = ALIGN (0x2)
                0x0000000000000068                __trampolines_start = .
 *(.trampolines)
 .trampolines   0x0000000000000068        0x0 linker stubs
 *(.trampolines*)
                0x0000000000000068                __trampolines_end = .
 *(.progmem*)
                0x0000000000000068                . = ALIGN (0x2)
 *(.jumptables)
 *(.jumptables*)
 *(.lowtext)
 *(.lowtext*)
                0x0000000000000068                __ctors_start = .
 *(.ctors)
                0x0000000000000068                __ctors_end = .
                0x0000000000000068                __dtors_start = .
 *(.dtors)
                0x0000000000000068                __dtors_end = .
 SORT(*)(.ctors)
 SORT(*)(.dtors)
 *(.init0)
 .init0         0x0000000000000068        0x0 /usr/lib/gcc/avr/4.9.2/../../../avr/lib/avr5/crtatmega328p.o
                0x0000000000000068                __init
 *(.init0)
 *(.init1)
 *(.init1)
 *(.init2)
 .init2         0x0000000000000068        0xc /usr/lib/gcc/avr/4.9.2/../../../avr/lib/avr5/crtatmega328p.o
 *(.init2)
 *(.init3)
 *(.init3)
 *(.init4)
 .init4         0x0000000000000074       0x16 /usr/lib/gcc/avr/4.9.2/avr5/libgcc.a(_copy_data.o)
                0x0000000000000074                __do_copy_data
 .init4         0x000000000000008a       0x10 /usr/lib/gcc/avr/4.9.2/avr5/libgcc.a(_clear_bss.o)
                0x000000000000008a                __do_clear_bss
 *(.init4)
 *(.init5)
 *(.init5)
 *(.init6)
 *(.init6)
 *(.init7)
 *(.init7)
 *(.init8)
 *(.init8)
 *(.init9)
 .init9         0x000000000000009a        0x8 /usr/lib/gcc/avr/4.9.2/../../../avr/lib/avr5/crtatmega328p.o
 *(.init9)
 *(.text)
 .text          0x00000000000000a2        0x4 /usr/lib/gcc/avr/4.9.2/../../../avr/lib/avr5/crtatmega328p.o
                0x00000000000000a2                __vector_22
                0x00000000000000a2                __vector_1
                0x00000000000000a2                __vector_24
                0x00000000000000a2                __vector_12
                0x00000000000000a2                __bad_interrupt
                0x00000000000000a2                __vector_6
                0x00000000000000a2                __vector_3
                0x00000000000000a2                __vector_23
                0x00000000000000a2                __vector_25
                0x00000000000000a2                __vector_13
                0x00000000000000a2                __vector_17
                0x00000000000000a2                __vector_7
                0x00000000000000a2                __vector_5
                0x00000000000000a2                __vector_4
                0x00000000000000a2                __vector_9
                0x00000000000000a2                __vector_2
                0x00000000000000a2                __vector_21
                0x00000000000000a2                __vector_15
                0x00000000000000a2                __vector_8
                0x00000000000000a2                __vector_10
                0x00000000000000a2                __vector_16
                0x00000000000000a2                __vector_20
 .text          0x00000000000000a6      0x112 obj/Release/delay.o
                0x00000000000000a6                init
                0x00000000000000ba                delay_get
                0x00000000000000d0                delay_set
                0x0000000000000118                delay_isdone
                0x0000000000000144                __vector_14
 .text          0x00000000000001b8        0x0 obj/Release/fuse.o
 .text          0x00000000000001b8      0x116 obj/Release/led.o
                0x00000000000001b8                led_set_blink
                0x00000000000001de                led_update
 .text          0x00000000000002ce        0x0 obj/Release/main.o
 .text          0x00000000000002ce       0x6e obj/Release/timer1.o
                0x00000000000002ce                timer1_init
                0x00000000000002ea                timer1_get
                0x00000000000002fe                timer1_clear
                0x000000000000030e                __vector_11
 .text          0x000000000000033c       0x18 /home/nubian/project1/lib_proj1.a(led_part.o)
                0x000000000000033c                led_init
                0x0000000000000342                led_on
                0x0000000000000346                led_off
                0x000000000000034a                led_is_on
 .text          0x0000000000000354      0x5c6 /home/nubian/project1/lib_proj1.a(rtc.o)
                0x0000000000000354                rtc_init
                0x0000000000000358                is_leapyear
                0x000000000000038c                rtc_set_by_datestr
                0x0000000000000652                get_month
                0x00000000000006e2                rtc_num2datestr
                0x00000000000008f2                rtc_get_date_string
 .text          0x000000000000091a       0xe8 /home/nubian/project1/lib_proj1.a(str.o)
                0x000000000000091a                str_cpy
                0x000000000000092e                str_writeudec16
 .text          0x0000000000000a02      0x19a /home/nubian/project1/lib_proj1.a(uart.o)
                0x0000000000000a02                uart_init
                0x0000000000000a0a                uart_writechar
                0x0000000000000a0e                uart_writestr
                0x0000000000000a26                uart_writehex8
                0x0000000000000a58                uart_writehex16
                0x0000000000000a6a                uart_writedec32
 .text          0x0000000000000b9c      0x1e4 /home/nubian/project1/lib_proj1.a(serial.o)
                0x0000000000000b9c                serial_init
                0x0000000000000bc2                __vector_18
                0x0000000000000c24                __vector_19
                0x0000000000000c8a                serial_rxchars
                0x0000000000000c98                serial_popchar
                0x0000000000000ccc                serial_writechar
                0x0000000000000d2c                serial_writestr
                0x0000000000000d56                serial_writestr_P
 .text          0x0000000000000d80        0x0 /usr/lib/gcc/avr/4.9.2/avr5/libgcc.a(_mulsi3.o)
 .text          0x0000000000000d80        0x0 /usr/lib/gcc/avr/4.9.2/avr5/libgcc.a(_udivmodhi4.o)
 .text          0x0000000000000d80        0x0 /usr/lib/gcc/avr/4.9.2/avr5/libgcc.a(_udivmodsi4.o)
 .text          0x0000000000000d80        0x0 /usr/lib/gcc/avr/4.9.2/avr5/libgcc.a(_divmodsi4.o)
 .text          0x0000000000000d80        0x0 /usr/lib/gcc/avr/4.9.2/avr5/libgcc.a(_negsi2.o)
 .text          0x0000000000000d80        0x0 /usr/lib/gcc/avr/4.9.2/avr5/libgcc.a(_exit.o)
 .text          0x0000000000000d80        0x0 /usr/lib/gcc/avr/4.9.2/avr5/libgcc.a(_copy_data.o)
 .text          0x0000000000000d80        0x0 /usr/lib/gcc/avr/4.9.2/avr5/libgcc.a(_clear_bss.o)
 .text          0x0000000000000d80        0x0 /usr/lib/gcc/avr/4.9.2/avr5/libgcc.a(_umulhisi3.o)
 .text          0x0000000000000d80        0x0 /usr/lib/gcc/avr/4.9.2/avr5/libgcc.a(_muluhisi3.o)
                0x0000000000000d80                . = ALIGN (0x2)
 *(.text.*)
 .text.startup  0x0000000000000d80       0xea obj/Release/main.o
                0x0000000000000d80                main
 .text.libgcc.mul
                0x0000000000000e6a       0x20 /usr/lib/gcc/avr/4.9.2/avr5/libgcc.a(_mulsi3.o)
                0x0000000000000e6a                __mulsi3
 .text.libgcc.div
                0x0000000000000e8a        0x0 /usr/lib/gcc/avr/4.9.2/avr5/libgcc.a(_mulsi3.o)
 .text.libgcc   0x0000000000000e8a        0x0 /usr/lib/gcc/avr/4.9.2/avr5/libgcc.a(_mulsi3.o)
 .text.libgcc.prologue
                0x0000000000000e8a        0x0 /usr/lib/gcc/avr/4.9.2/avr5/libgcc.a(_mulsi3.o)
 .text.libgcc.builtins
                0x0000000000000e8a        0x0 /usr/lib/gcc/avr/4.9.2/avr5/libgcc.a(_mulsi3.o)
 .text.libgcc.fmul
                0x0000000000000e8a        0x0 /usr/lib/gcc/avr/4.9.2/avr5/libgcc.a(_mulsi3.o)
 .text.libgcc.fixed
                0x0000000000000e8a        0x0 /usr/lib/gcc/avr/4.9.2/avr5/libgcc.a(_mulsi3.o)
 .text.libgcc.mul
                0x0000000000000e8a        0x0 /usr/lib/gcc/avr/4.9.2/avr5/libgcc.a(_udivmodhi4.o)
 .text.libgcc.div
                0x0000000000000e8a       0x28 /usr/lib/gcc/avr/4.9.2/avr5/libgcc.a(_udivmodhi4.o)
                0x0000000000000e8a                __udivmodhi4
 .text.libgcc   0x0000000000000eb2        0x0 /usr/lib/gcc/avr/4.9.2/avr5/libgcc.a(_udivmodhi4.o)
 .text.libgcc.prologue
                0x0000000000000eb2        0x0 /usr/lib/gcc/avr/4.9.2/avr5/libgcc.a(_udivmodhi4.o)
 .text.libgcc.builtins
                0x0000000000000eb2        0x0 /usr/lib/gcc/avr/4.9.2/avr5/libgcc.a(_udivmodhi4.o)
 .text.libgcc.fmul
                0x0000000000000eb2        0x0 /usr/lib/gcc/avr/4.9.2/avr5/libgcc.a(_udivmodhi4.o)
 .text.libgcc.fixed
                0x0000000000000eb2        0x0 /usr/lib/gcc/avr/4.9.2/avr5/libgcc.a(_udivmodhi4.o)
 .text.libgcc.mul
                0x0000000000000eb2        0x0 /usr/lib/gcc/avr/4.9.2/avr5/libgcc.a(_udivmodsi4.o)
 .text.libgcc.div
                0x0000000000000eb2       0x44 /usr/lib/gcc/avr/4.9.2/avr5/libgcc.a(_udivmodsi4.o)
                0x0000000000000eb2                __udivmodsi4
 .text.libgcc   0x0000000000000ef6        0x0 /usr/lib/gcc/avr/4.9.2/avr5/libgcc.a(_udivmodsi4.o)
 .text.libgcc.prologue
                0x0000000000000ef6        0x0 /usr/lib/gcc/avr/4.9.2/avr5/libgcc.a(_udivmodsi4.o)
 .text.libgcc.builtins
                0x0000000000000ef6        0x0 /usr/lib/gcc/avr/4.9.2/avr5/libgcc.a(_udivmodsi4.o)
 .text.libgcc.fmul
                0x0000000000000ef6        0x0 /usr/lib/gcc/avr/4.9.2/avr5/libgcc.a(_udivmodsi4.o)
 .text.libgcc.fixed
                0x0000000000000ef6        0x0 /usr/lib/gcc/avr/4.9.2/avr5/libgcc.a(_udivmodsi4.o)
 .text.libgcc.mul
                0x0000000000000ef6        0x0 /usr/lib/gcc/avr/4.9.2/avr5/libgcc.a(_divmodsi4.o)
 .text.libgcc.div
                0x0000000000000ef6       0x2e /usr/lib/gcc/avr/4.9.2/avr5/libgcc.a(_divmodsi4.o)
                0x0000000000000ef6                __divmodsi4
 .text.libgcc   0x0000000000000f24        0x0 /usr/lib/gcc/avr/4.9.2/avr5/libgcc.a(_divmodsi4.o)
 .text.libgcc.prologue
                0x0000000000000f24        0x0 /usr/lib/gcc/avr/4.9.2/avr5/libgcc.a(_divmodsi4.o)
 .text.libgcc.builtins
                0x0000000000000f24        0x0 /usr/lib/gcc/avr/4.9.2/avr5/libgcc.a(_divmodsi4.o)
 .text.libgcc.fmul
                0x0000000000000f24        0x0 /usr/lib/gcc/avr/4.9.2/avr5/libgcc.a(_divmodsi4.o)
 .text.libgcc.fixed
                0x0000000000000f24        0x0 /usr/lib/gcc/avr/4.9.2/avr5/libgcc.a(_divmodsi4.o)
 .text.libgcc.mul
                0x0000000000000f24        0x0 /usr/lib/gcc/avr/4.9.2/avr5/libgcc.a(_negsi2.o)
 .text.libgcc.div
                0x0000000000000f24       0x10 /usr/lib/gcc/avr/4.9.2/avr5/libgcc.a(_negsi2.o)
                0x0000000000000f24                __negsi2
 .text.libgcc   0x0000000000000f34        0x0 /usr/lib/gcc/avr/4.9.2/avr5/libgcc.a(_negsi2.o)
 .text.libgcc.prologue
                0x0000000000000f34        0x0 /usr/lib/gcc/avr/4.9.2/avr5/libgcc.a(_negsi2.o)
 .text.libgcc.builtins
                0x0000000000000f34        0x0 /usr/lib/gcc/avr/4.9.2/avr5/libgcc.a(_negsi2.o)
 .text.libgcc.fmul
                0x0000000000000f34        0x0 /usr/lib/gcc/avr/4.9.2/avr5/libgcc.a(_negsi2.o)
 .text.libgcc.fixed
                0x0000000000000f34        0x0 /usr/lib/gcc/avr/4.9.2/avr5/libgcc.a(_negsi2.o)
 .text.libgcc.mul
                0x0000000000000f34        0x0 /usr/lib/gcc/avr/4.9.2/avr5/libgcc.a(_exit.o)
 .text.libgcc.div
                0x0000000000000f34        0x0 /usr/lib/gcc/avr/4.9.2/avr5/libgcc.a(_exit.o)
 .text.libgcc   0x0000000000000f34        0x0 /usr/lib/gcc/avr/4.9.2/avr5/libgcc.a(_exit.o)
 .text.libgcc.prologue
                0x0000000000000f34        0x0 /usr/lib/gcc/avr/4.9.2/avr5/libgcc.a(_exit.o)
 .text.libgcc.builtins
                0x0000000000000f34        0x0 /usr/lib/gcc/avr/4.9.2/avr5/libgcc.a(_exit.o)
 .text.libgcc.fmul
                0x0000000000000f34        0x0 /usr/lib/gcc/avr/4.9.2/avr5/libgcc.a(_exit.o)
 .text.libgcc.fixed
                0x0000000000000f34        0x0 /usr/lib/gcc/avr/4.9.2/avr5/libgcc.a(_exit.o)
 .text.libgcc.mul
                0x0000000000000f34        0x0 /usr/lib/gcc/avr/4.9.2/avr5/libgcc.a(_copy_data.o)
 .text.libgcc.div
                0x0000000000000f34        0x0 /usr/lib/gcc/avr/4.9.2/avr5/libgcc.a(_copy_data.o)
 .text.libgcc   0x0000000000000f34        0x0 /usr/lib/gcc/avr/4.9.2/avr5/libgcc.a(_copy_data.o)
 .text.libgcc.prologue
                0x0000000000000f34        0x0 /usr/lib/gcc/avr/4.9.2/avr5/libgcc.a(_copy_data.o)
 .text.libgcc.builtins
                0x0000000000000f34        0x0 /usr/lib/gcc/avr/4.9.2/avr5/libgcc.a(_copy_data.o)
 .text.libgcc.fmul
                0x0000000000000f34        0x0 /usr/lib/gcc/avr/4.9.2/avr5/libgcc.a(_copy_data.o)
 .text.libgcc.fixed
                0x0000000000000f34        0x0 /usr/lib/gcc/avr/4.9.2/avr5/libgcc.a(_copy_data.o)
 .text.libgcc.mul
                0x0000000000000f34        0x0 /usr/lib/gcc/avr/4.9.2/avr5/libgcc.a(_clear_bss.o)
 .text.libgcc.div
                0x0000000000000f34        0x0 /usr/lib/gcc/avr/4.9.2/avr5/libgcc.a(_clear_bss.o)
 .text.libgcc   0x0000000000000f34        0x0 /usr/lib/gcc/avr/4.9.2/avr5/libgcc.a(_clear_bss.o)
 .text.libgcc.prologue
                0x0000000000000f34        0x0 /usr/lib/gcc/avr/4.9.2/avr5/libgcc.a(_clear_bss.o)
 .text.libgcc.builtins
                0x0000000000000f34        0x0 /usr/lib/gcc/avr/4.9.2/avr5/libgcc.a(_clear_bss.o)
 .text.libgcc.fmul
                0x0000000000000f34        0x0 /usr/lib/gcc/avr/4.9.2/avr5/libgcc.a(_clear_bss.o)
 .text.libgcc.fixed
                0x0000000000000f34        0x0 /usr/lib/gcc/avr/4.9.2/avr5/libgcc.a(_clear_bss.o)
 .text.libgcc.mul
                0x0000000000000f34       0x1e /usr/lib/gcc/avr/4.9.2/avr5/libgcc.a(_umulhisi3.o)
                0x0000000000000f34                __umulhisi3
 .text.libgcc.div
                0x0000000000000f52        0x0 /usr/lib/gcc/avr/4.9.2/avr5/libgcc.a(_umulhisi3.o)
 .text.libgcc   0x0000000000000f52        0x0 /usr/lib/gcc/avr/4.9.2/avr5/libgcc.a(_umulhisi3.o)
 .text.libgcc.prologue
                0x0000000000000f52        0x0 /usr/lib/gcc/avr/4.9.2/avr5/libgcc.a(_umulhisi3.o)
 .text.libgcc.builtins
                0x0000000000000f52        0x0 /usr/lib/gcc/avr/4.9.2/avr5/libgcc.a(_umulhisi3.o)
 .text.libgcc.fmul
                0x0000000000000f52        0x0 /usr/lib/gcc/avr/4.9.2/avr5/libgcc.a(_umulhisi3.o)
 .text.libgcc.fixed
                0x0000000000000f52        0x0 /usr/lib/gcc/avr/4.9.2/avr5/libgcc.a(_umulhisi3.o)
 .text.libgcc.mul
                0x0000000000000f52       0x16 /usr/lib/gcc/avr/4.9.2/avr5/libgcc.a(_muluhisi3.o)
                0x0000000000000f52                __muluhisi3
 .text.libgcc.div
                0x0000000000000f68        0x0 /usr/lib/gcc/avr/4.9.2/avr5/libgcc.a(_muluhisi3.o)
 .text.libgcc   0x0000000000000f68        0x0 /usr/lib/gcc/avr/4.9.2/avr5/libgcc.a(_muluhisi3.o)
 .text.libgcc.prologue
                0x0000000000000f68        0x0 /usr/lib/gcc/avr/4.9.2/avr5/libgcc.a(_muluhisi3.o)
 .text.libgcc.builtins
                0x0000000000000f68        0x0 /usr/lib/gcc/avr/4.9.2/avr5/libgcc.a(_muluhisi3.o)
 .text.libgcc.fmul
                0x0000000000000f68        0x0 /usr/lib/gcc/avr/4.9.2/avr5/libgcc.a(_muluhisi3.o)
 .text.libgcc.fixed
                0x0000000000000f68        0x0 /usr/lib/gcc/avr/4.9.2/avr5/libgcc.a(_muluhisi3.o)
                0x0000000000000f68                . = ALIGN (0x2)
 *(.fini9)
 .fini9         0x0000000000000f68        0x0 /usr/lib/gcc/avr/4.9.2/avr5/libgcc.a(_exit.o)
                0x0000000000000f68                exit
                0x0000000000000f68                _exit
 *(.fini9)
 *(.fini8)
 *(.fini8)
 *(.fini7)
 *(.fini7)
 *(.fini6)
 *(.fini6)
 *(.fini5)
 *(.fini5)
 *(.fini4)
 *(.fini4)
 *(.fini3)
 *(.fini3)
 *(.fini2)
 *(.fini2)
 *(.fini1)
 *(.fini1)
 *(.fini0)
 .fini0         0x0000000000000f68        0x4 /usr/lib/gcc/avr/4.9.2/avr5/libgcc.a(_exit.o)
 *(.fini0)
                0x0000000000000f6c                _etext = .

.data           0x0000000000800100       0x7c load address 0x0000000000000f6c
                0x0000000000800100                PROVIDE (__data_start, .)
 *(.data)
 .data          0x0000000000800100        0x0 /usr/lib/gcc/avr/4.9.2/../../../avr/lib/avr5/crtatmega328p.o
 .data          0x0000000000800100        0x0 obj/Release/delay.o
 .data          0x0000000000800100        0x0 obj/Release/fuse.o
 .data          0x0000000000800100        0x0 obj/Release/led.o
 .data          0x0000000000800100        0x0 obj/Release/main.o
 .data          0x0000000000800100        0x0 obj/Release/timer1.o
 .data          0x0000000000800100        0x0 /home/nubian/project1/lib_proj1.a(led_part.o)
 .data          0x0000000000800100       0x14 /home/nubian/project1/lib_proj1.a(rtc.o)
 .data          0x0000000000800114        0x0 /home/nubian/project1/lib_proj1.a(str.o)
 .data          0x0000000000800114        0x0 /home/nubian/project1/lib_proj1.a(uart.o)
 .data          0x0000000000800114        0x0 /home/nubian/project1/lib_proj1.a(serial.o)
 .data          0x0000000000800114        0x0 /usr/lib/gcc/avr/4.9.2/avr5/libgcc.a(_mulsi3.o)
 .data          0x0000000000800114        0x0 /usr/lib/gcc/avr/4.9.2/avr5/libgcc.a(_udivmodhi4.o)
 .data          0x0000000000800114        0x0 /usr/lib/gcc/avr/4.9.2/avr5/libgcc.a(_udivmodsi4.o)
 .data          0x0000000000800114        0x0 /usr/lib/gcc/avr/4.9.2/avr5/libgcc.a(_divmodsi4.o)
 .data          0x0000000000800114        0x0 /usr/lib/gcc/avr/4.9.2/avr5/libgcc.a(_negsi2.o)
 .data          0x0000000000800114        0x0 /usr/lib/gcc/avr/4.9.2/avr5/libgcc.a(_exit.o)
 .data          0x0000000000800114        0x0 /usr/lib/gcc/avr/4.9.2/avr5/libgcc.a(_copy_data.o)
 .data          0x0000000000800114        0x0 /usr/lib/gcc/avr/4.9.2/avr5/libgcc.a(_clear_bss.o)
 .data          0x0000000000800114        0x0 /usr/lib/gcc/avr/4.9.2/avr5/libgcc.a(_umulhisi3.o)
 .data          0x0000000000800114        0x0 /usr/lib/gcc/avr/4.9.2/avr5/libgcc.a(_muluhisi3.o)
 *(.data*)
 *(.rodata)
 .rodata        0x0000000000800114        0x1 obj/Release/delay.o
                0x0000000000800114                TICKS
 .rodata        0x0000000000800115        0xc /home/nubian/project1/lib_proj1.a(rtc.o)
 *(.rodata*)
 .rodata.str1.1
                0x0000000000800121       0x46 obj/Release/main.o
                                         0x48 (size before relaxing)
 .rodata.str1.1
                0x0000000000800167       0x14 /home/nubian/project1/lib_proj1.a(rtc.o)
 *(.gnu.linkonce.d*)
                0x000000000080017c                . = ALIGN (0x2)
 *fill*         0x000000000080017b        0x1 
                0x000000000080017c                _edata = .
                0x000000000080017c                PROVIDE (__data_end, .)

.bss            0x000000000080017c       0x98
                0x000000000080017c                PROVIDE (__bss_start, .)
 *(.bss)
 .bss           0x000000000080017c        0x0 /usr/lib/gcc/avr/4.9.2/../../../avr/lib/avr5/crtatmega328p.o
 .bss           0x000000000080017c        0x5 obj/Release/delay.o
 .bss           0x0000000000800181        0x0 obj/Release/fuse.o
 .bss           0x0000000000800181        0x3 obj/Release/led.o
 .bss           0x0000000000800184        0x0 obj/Release/main.o
 .bss           0x0000000000800184        0x2 obj/Release/timer1.o
 .bss           0x0000000000800186        0x0 /home/nubian/project1/lib_proj1.a(led_part.o)
 .bss           0x0000000000800186        0x0 /home/nubian/project1/lib_proj1.a(rtc.o)
 .bss           0x0000000000800186        0x0 /home/nubian/project1/lib_proj1.a(str.o)
 .bss           0x0000000000800186        0x0 /home/nubian/project1/lib_proj1.a(uart.o)
 .bss           0x0000000000800186        0x4 /home/nubian/project1/lib_proj1.a(serial.o)
                0x0000000000800186                txtail
                0x0000000000800187                txhead
                0x0000000000800188                rxtail
                0x0000000000800189                rxhead
 .bss           0x000000000080018a        0x0 /usr/lib/gcc/avr/4.9.2/avr5/libgcc.a(_mulsi3.o)
 .bss           0x000000000080018a        0x0 /usr/lib/gcc/avr/4.9.2/avr5/libgcc.a(_udivmodhi4.o)
 .bss           0x000000000080018a        0x0 /usr/lib/gcc/avr/4.9.2/avr5/libgcc.a(_udivmodsi4.o)
 .bss           0x000000000080018a        0x0 /usr/lib/gcc/avr/4.9.2/avr5/libgcc.a(_divmodsi4.o)
 .bss           0x000000000080018a        0x0 /usr/lib/gcc/avr/4.9.2/avr5/libgcc.a(_negsi2.o)
 .bss           0x000000000080018a        0x0 /usr/lib/gcc/avr/4.9.2/avr5/libgcc.a(_exit.o)
 .bss           0x000000000080018a        0x0 /usr/lib/gcc/avr/4.9.2/avr5/libgcc.a(_copy_data.o)
 .bss           0x000000000080018a        0x0 /usr/lib/gcc/avr/4.9.2/avr5/libgcc.a(_clear_bss.o)
 .bss           0x000000000080018a        0x0 /usr/lib/gcc/avr/4.9.2/avr5/libgcc.a(_umulhisi3.o)
 .bss           0x000000000080018a        0x0 /usr/lib/gcc/avr/4.9.2/avr5/libgcc.a(_muluhisi3.o)
 *(.bss*)
 *(COMMON)
 COMMON         0x000000000080018a        0x4 obj/Release/delay.o
                0x000000000080018a                limit
 COMMON         0x000000000080018e        0x2 obj/Release/led.o
                0x000000000080018e                blink_msg
 COMMON         0x0000000000800190        0x4 /home/nubian/project1/lib_proj1.a(rtc.o)
                0x0000000000800190                rtc_base
 COMMON         0x0000000000800194       0x80 /home/nubian/project1/lib_proj1.a(serial.o)
                0x0000000000800194                rxbuf
                0x00000000008001d4                txbuf
                0x0000000000800214                PROVIDE (__bss_end, .)
                0x0000000000000f6c                __data_load_start = LOADADDR (.data)
                0x0000000000000fe8                __data_load_end = (__data_load_start + SIZEOF (.data))

.noinit         0x0000000000800214        0x0
                0x0000000000800214                PROVIDE (__noinit_start, .)
 *(.noinit*)
                0x0000000000800214                PROVIDE (__noinit_end, .)
                0x0000000000800214                _end = .
                0x0000000000800214                PROVIDE (__heap_start, .)

.eeprom         0x0000000000810000        0x0
 *(.eeprom*)
                0x0000000000810000                __eeprom_end = .

.fuse           0x0000000000820000        0x3
 *(.fuse)
 .fuse          0x0000000000820000        0x3 obj/Release/fuse.o
                0x0000000000820000                __fuse
 *(.lfuse)
 *(.hfuse)
 *(.efuse)

.lock
 *(.lock*)

.signature
 *(.signature*)

.user_signatures
 *(.user_signatures*)

.stab
 *(.stab)

.stabstr
 *(.stabstr)

.stab.excl
 *(.stab.excl)

.stab.exclstr
 *(.stab.exclstr)

.stab.index
 *(.stab.index)

.stab.indexstr
 *(.stab.indexstr)

.comment        0x0000000000000000       0x11
 *(.comment)
 .comment       0x0000000000000000       0x11 obj/Release/delay.o
                                         0x12 (size before relaxing)
 .comment       0x0000000000000011       0x12 obj/Release/fuse.o
 .comment       0x0000000000000011       0x12 obj/Release/led.o
 .comment       0x0000000000000011       0x12 obj/Release/main.o
 .comment       0x0000000000000011       0x12 obj/Release/timer1.o
 .comment       0x0000000000000011       0x12 /home/nubian/project1/lib_proj1.a(led_part.o)
 .comment       0x0000000000000011       0x12 /home/nubian/project1/lib_proj1.a(rtc.o)
 .comment       0x0000000000000011       0x12 /home/nubian/project1/lib_proj1.a(str.o)
 .comment       0x0000000000000011       0x12 /home/nubian/project1/lib_proj1.a(uart.o)
 .comment       0x0000000000000011       0x12 /home/nubian/project1/lib_proj1.a(serial.o)

.note.gnu.avr.deviceinfo
                0x0000000000000000       0x40
 .note.gnu.avr.deviceinfo
                0x0000000000000000       0x40 /usr/lib/gcc/avr/4.9.2/../../../avr/lib/avr5/crtatmega328p.o

.note.gnu.build-id
 *(.note.gnu.build-id)

.debug
 *(.debug)

.line
 *(.line)

.debug_srcinfo
 *(.debug_srcinfo)

.debug_sfnames
 *(.debug_sfnames)

.debug_aranges
 *(.debug_aranges)

.debug_pubnames
 *(.debug_pubnames)

.debug_info
 *(.debug_info .gnu.linkonce.wi.*)

.debug_abbrev
 *(.debug_abbrev)

.debug_line
 *(.debug_line .debug_line.* .debug_line_end)

.debug_frame
 *(.debug_frame)

.debug_str
 *(.debug_str)

.debug_loc
 *(.debug_loc)

.debug_macinfo
 *(.debug_macinfo)

.debug_weaknames
 *(.debug_weaknames)

.debug_funcnames
 *(.debug_funcnames)

.debug_typenames
 *(.debug_typenames)

.debug_varnames
 *(.debug_varnames)

.debug_pubtypes
 *(.debug_pubtypes)

.debug_ranges
 *(.debug_ranges)

.debug_macro
 *(.debug_macro)
OUTPUT(bin/Release/project1.elf elf32-avr)
LOAD linker stubs

Cross Reference Table

Symbol                                            File
TICKS                                             obj/Release/delay.o
__bad_interrupt                                   /usr/lib/gcc/avr/4.9.2/../../../avr/lib/avr5/crtatmega328p.o
__bss_end                                         /usr/lib/gcc/avr/4.9.2/avr5/libgcc.a(_clear_bss.o)
__bss_start                                       /usr/lib/gcc/avr/4.9.2/avr5/libgcc.a(_clear_bss.o)
__data_end                                        /usr/lib/gcc/avr/4.9.2/avr5/libgcc.a(_copy_data.o)
__data_load_start                                 /usr/lib/gcc/avr/4.9.2/avr5/libgcc.a(_copy_data.o)
__data_start                                      /usr/lib/gcc/avr/4.9.2/avr5/libgcc.a(_copy_data.o)
__divmodsi4                                       /usr/lib/gcc/avr/4.9.2/avr5/libgcc.a(_divmodsi4.o)
                                                  /home/nubian/project1/lib_proj1.a(uart.o)
__do_clear_bss                                    /usr/lib/gcc/avr/4.9.2/avr5/libgcc.a(_clear_bss.o)
                                                  /home/nubian/project1/lib_proj1.a(serial.o)
                                                  /home/nubian/project1/lib_proj1.a(rtc.o)
                                                  obj/Release/timer1.o
                                                  obj/Release/led.o
                                                  obj/Release/delay.o
__do_copy_data                                    /usr/lib/gcc/avr/4.9.2/avr5/libgcc.a(_copy_data.o)
                                                  /home/nubian/project1/lib_proj1.a(rtc.o)
                                                  obj/Release/main.o
                                                  obj/Release/delay.o
__fuse                                            obj/Release/fuse.o
__heap_end                                        /usr/lib/gcc/avr/4.9.2/../../../avr/lib/avr5/crtatmega328p.o
__init                                            /usr/lib/gcc/avr/4.9.2/../../../avr/lib/avr5/crtatmega328p.o
__mulsi3                                          /usr/lib/gcc/avr/4.9.2/avr5/libgcc.a(_mulsi3.o)
                                                  /home/nubian/project1/lib_proj1.a(rtc.o)
__muluhisi3                                       /usr/lib/gcc/avr/4.9.2/avr5/libgcc.a(_muluhisi3.o)
                                                  /usr/lib/gcc/avr/4.9.2/avr5/libgcc.a(_mulsi3.o)
                                                  /home/nubian/project1/lib_proj1.a(uart.o)
                                                  /home/nubian/project1/lib_proj1.a(rtc.o)
__negsi2                                          /usr/lib/gcc/avr/4.9.2/avr5/libgcc.a(_negsi2.o)
                                                  /usr/lib/gcc/avr/4.9.2/avr5/libgcc.a(_divmodsi4.o)
__stack                                           /usr/lib/gcc/avr/4.9.2/../../../avr/lib/avr5/crtatmega328p.o
__udivmodhi4                                      /usr/lib/gcc/avr/4.9.2/avr5/libgcc.a(_udivmodhi4.o)
                                                  /home/nubian/project1/lib_proj1.a(str.o)
                                                  /home/nubian/project1/lib_proj1.a(rtc.o)
__udivmodsi4                                      /usr/lib/gcc/avr/4.9.2/avr5/libgcc.a(_udivmodsi4.o)
                                                  /usr/lib/gcc/avr/4.9.2/avr5/libgcc.a(_divmodsi4.o)
                                                  /home/nubian/project1/lib_proj1.a(rtc.o)
__umulhisi3                                       /usr/lib/gcc/avr/4.9.2/avr5/libgcc.a(_umulhisi3.o)
                                                  /usr/lib/gcc/avr/4.9.2/avr5/libgcc.a(_muluhisi3.o)
                                                  /home/nubian/project1/lib_proj1.a(rtc.o)
__vector_1                                        /usr/lib/gcc/avr/4.9.2/../../../avr/lib/avr5/crtatmega328p.o
__vector_10                                       /usr/lib/gcc/avr/4.9.2/../../../avr/lib/avr5/crtatmega328p.o
__vector_11                                       obj/Release/timer1.o
                                                  /usr/lib/gcc/avr/4.9.2/../../../avr/lib/avr5/crtatmega328p.o
__vector_12                                       /usr/lib/gcc/avr/4.9.2/../../../avr/lib/avr5/crtatmega328p.o
__vector_13                                       /usr/lib/gcc/avr/4.9.2/../../../avr/lib/avr5/crtatmega328p.o
__vector_14                                       obj/Release/delay.o
                                                  /usr/lib/gcc/avr/4.9.2/../../../avr/lib/avr5/crtatmega328p.o
__vector_15                                       /usr/lib/gcc/avr/4.9.2/../../../avr/lib/avr5/crtatmega328p.o
__vector_16                                       /usr/lib/gcc/avr/4.9.2/../../../avr/lib/avr5/crtatmega328p.o
__vector_17                                       /usr/lib/gcc/avr/4.9.2/../../../avr/lib/avr5/crtatmega328p.o
__vector_18                                       /home/nubian/project1/lib_proj1.a(serial.o)
                                                  /usr/lib/gcc/avr/4.9.2/../../../avr/lib/avr5/crtatmega328p.o
__vector_19                                       /home/nubian/project1/lib_proj1.a(serial.o)
                                                  /usr/lib/gcc/avr/4.9.2/../../../avr/lib/avr5/crtatmega328p.o
__vector_2                                        /usr/lib/gcc/avr/4.9.2/../../../avr/lib/avr5/crtatmega328p.o
__vector_20                                       /usr/lib/gcc/avr/4.9.2/../../../avr/lib/avr5/crtatmega328p.o
__vector_21                                       /usr/lib/gcc/avr/4.9.2/../../../avr/lib/avr5/crtatmega328p.o
__vector_22                                       /usr/lib/gcc/avr/4.9.2/../../../avr/lib/avr5/crtatmega328p.o
__vector_23                                       /usr/lib/gcc/avr/4.9.2/../../../avr/lib/avr5/crtatmega328p.o
__vector_24                                       /usr/lib/gcc/avr/4.9.2/../../../avr/lib/avr5/crtatmega328p.o
__vector_25                                       /usr/lib/gcc/avr/4.9.2/../../../avr/lib/avr5/crtatmega328p.o
__vector_3                                        /usr/lib/gcc/avr/4.9.2/../../../avr/lib/avr5/crtatmega328p.o
__vector_4                                        /usr/lib/gcc/avr/4.9.2/../../../avr/lib/avr5/crtatmega328p.o
__vector_5                                        /usr/lib/gcc/avr/4.9.2/../../../avr/lib/avr5/crtatmega328p.o
__vector_6                                        /usr/lib/gcc/avr/4.9.2/../../../avr/lib/avr5/crtatmega328p.o
__vector_7                                        /usr/lib/gcc/avr/4.9.2/../../../avr/lib/avr5/crtatmega328p.o
__vector_8                                        /usr/lib/gcc/avr/4.9.2/../../../avr/lib/avr5/crtatmega328p.o
__vector_9                                        /usr/lib/gcc/avr/4.9.2/../../../avr/lib/avr5/crtatmega328p.o
__vector_default                                  /usr/lib/gcc/avr/4.9.2/../../../avr/lib/avr5/crtatmega328p.o
__vectors                                         /usr/lib/gcc/avr/4.9.2/../../../avr/lib/avr5/crtatmega328p.o
_exit                                             /usr/lib/gcc/avr/4.9.2/avr5/libgcc.a(_exit.o)
blink_msg                                         obj/Release/led.o
delay_get                                         obj/Release/delay.o
delay_isdone                                      obj/Release/delay.o
                                                  obj/Release/main.o
                                                  obj/Release/led.o
delay_set                                         obj/Release/delay.o
                                                  obj/Release/main.o
                                                  obj/Release/led.o
exit                                              /usr/lib/gcc/avr/4.9.2/avr5/libgcc.a(_exit.o)
                                                  /usr/lib/gcc/avr/4.9.2/../../../avr/lib/avr5/crtatmega328p.o
get_month                                         /home/nubian/project1/lib_proj1.a(rtc.o)
init                                              obj/Release/delay.o
is_leapyear                                       /home/nubian/project1/lib_proj1.a(rtc.o)
led_init                                          /home/nubian/project1/lib_proj1.a(led_part.o)
                                                  obj/Release/main.o
led_is_on                                         /home/nubian/project1/lib_proj1.a(led_part.o)
led_off                                           /home/nubian/project1/lib_proj1.a(led_part.o)
                                                  obj/Release/led.o
led_on                                            /home/nubian/project1/lib_proj1.a(led_part.o)
                                                  obj/Release/led.o
led_set_blink                                     obj/Release/led.o
                                                  obj/Release/main.o
led_update                                        obj/Release/led.o
                                                  obj/Release/main.o
limit                                             obj/Release/delay.o
main                                              obj/Release/main.o
                                                  /usr/lib/gcc/avr/4.9.2/../../../avr/lib/avr5/crtatmega328p.o
rtc_base                                          /home/nubian/project1/lib_proj1.a(rtc.o)
rtc_get_date_string                               /home/nubian/project1/lib_proj1.a(rtc.o)
                                                  obj/Release/main.o
rtc_init                                          /home/nubian/project1/lib_proj1.a(rtc.o)
                                                  obj/Release/main.o
rtc_num2datestr                                   /home/nubian/project1/lib_proj1.a(rtc.o)
rtc_set_by_datestr                                /home/nubian/project1/lib_proj1.a(rtc.o)
                                                  obj/Release/main.o
rxbuf                                             /home/nubian/project1/lib_proj1.a(serial.o)
rxhead                                            /home/nubian/project1/lib_proj1.a(serial.o)
rxtail                                            /home/nubian/project1/lib_proj1.a(serial.o)
serial_init                                       /home/nubian/project1/lib_proj1.a(serial.o)
                                                  /home/nubian/project1/lib_proj1.a(uart.o)
serial_popchar                                    /home/nubian/project1/lib_proj1.a(serial.o)
serial_rxchars                                    /home/nubian/project1/lib_proj1.a(serial.o)
serial_writechar                                  /home/nubian/project1/lib_proj1.a(serial.o)
                                                  /home/nubian/project1/lib_proj1.a(uart.o)
serial_writestr                                   /home/nubian/project1/lib_proj1.a(serial.o)
serial_writestr_P                                 /home/nubian/project1/lib_proj1.a(serial.o)
str_cpy                                           /home/nubian/project1/lib_proj1.a(str.o)
                                                  /home/nubian/project1/lib_proj1.a(rtc.o)
str_writeudec16                                   /home/nubian/project1/lib_proj1.a(str.o)
                                                  /home/nubian/project1/lib_proj1.a(rtc.o)
timer1_clear                                      obj/Release/timer1.o
                                                  /home/nubian/project1/lib_proj1.a(rtc.o)
timer1_get                                        obj/Release/timer1.o
                                                  /home/nubian/project1/lib_proj1.a(rtc.o)
timer1_init                                       obj/Release/timer1.o
                                                  /home/nubian/project1/lib_proj1.a(rtc.o)
txbuf                                             /home/nubian/project1/lib_proj1.a(serial.o)
txhead                                            /home/nubian/project1/lib_proj1.a(serial.o)
txtail                                            /home/nubian/project1/lib_proj1.a(serial.o)
uart_init                                         /home/nubian/project1/lib_proj1.a(uart.o)
                                                  obj/Release/main.o
uart_writechar                                    /home/nubian/project1/lib_proj1.a(uart.o)
uart_writedec32                                   /home/nubian/project1/lib_proj1.a(uart.o)
                                                  obj/Release/main.o
uart_writehex16                                   /home/nubian/project1/lib_proj1.a(uart.o)
uart_writehex8                                    /home/nubian/project1/lib_proj1.a(uart.o)
uart_writestr                                     /home/nubian/project1/lib_proj1.a(uart.o)
                                                  obj/Release/main.o
