Archive member included to satisfy reference by file (symbol)

/home/nubian/project2/lib_proj2.a(led.o)
                              obj/Release/main.o (led_set_blink)
/home/nubian/project2/lib_proj2.a(led_part.o)
                              obj/Release/main.o (led_init)
/home/nubian/project2/lib_proj2.a(log.o)
                              obj/Release/main.o (log_init)
/home/nubian/project2/lib_proj2.a(rtc.o)
                              obj/Release/main.o (rtc_init)
/home/nubian/project2/lib_proj2.a(str.o)
                              /home/nubian/project2/lib_proj2.a(rtc.o) (str_cpy)
/home/nubian/project2/lib_proj2.a(timer1.o)
                              /home/nubian/project2/lib_proj2.a(rtc.o) (timer1_init)
/home/nubian/project2/lib_proj2.a(uart.o)
                              obj/Release/main.o (uart_init)
/home/nubian/project2/lib_proj2.a(util_part.o)
                              obj/Release/main.o (dump_eeprom)
/home/nubian/project2/lib_proj2.a(delay.o)
                              /home/nubian/project2/lib_proj2.a(led.o) (delay_isdone)
/home/nubian/project2/lib_proj2.a(serial.o)
                              /home/nubian/project2/lib_proj2.a(uart.o) (serial_init)
/usr/lib/gcc/avr/4.9.2/avr5/libgcc.a(_mulsi3.o)
                              /home/nubian/project2/lib_proj2.a(rtc.o) (__mulsi3)
/usr/lib/gcc/avr/4.9.2/avr5/libgcc.a(_udivmodhi4.o)
                              /home/nubian/project2/lib_proj2.a(rtc.o) (__udivmodhi4)
/usr/lib/gcc/avr/4.9.2/avr5/libgcc.a(_divmodhi4.o)
                              /home/nubian/project2/lib_proj2.a(log.o) (__divmodhi4)
/usr/lib/gcc/avr/4.9.2/avr5/libgcc.a(_udivmodsi4.o)
                              /home/nubian/project2/lib_proj2.a(rtc.o) (__udivmodsi4)
/usr/lib/gcc/avr/4.9.2/avr5/libgcc.a(_divmodsi4.o)
                              /home/nubian/project2/lib_proj2.a(uart.o) (__divmodsi4)
/usr/lib/gcc/avr/4.9.2/avr5/libgcc.a(_negsi2.o)
                              /usr/lib/gcc/avr/4.9.2/avr5/libgcc.a(_divmodsi4.o) (__negsi2)
/usr/lib/gcc/avr/4.9.2/avr5/libgcc.a(_exit.o)
                              /usr/lib/gcc/avr/4.9.2/../../../avr/lib/avr5/crtatmega328p.o (exit)
/usr/lib/gcc/avr/4.9.2/avr5/libgcc.a(_copy_data.o)
                              obj/Release/config.o (__do_copy_data)
/usr/lib/gcc/avr/4.9.2/avr5/libgcc.a(_clear_bss.o)
                              obj/Release/config.o (__do_clear_bss)
/usr/lib/gcc/avr/4.9.2/avr5/libgcc.a(_umulhisi3.o)
                              /home/nubian/project2/lib_proj2.a(rtc.o) (__umulhisi3)
/usr/lib/gcc/avr/4.9.2/avr5/libgcc.a(_muluhisi3.o)
                              /home/nubian/project2/lib_proj2.a(rtc.o) (__muluhisi3)

Allocating common symbols
Common symbol       size              file

rxbuf               0x40              /home/nubian/project2/lib_proj2.a(serial.o)
vpd                 0x37              obj/Release/vpd.o
rtc_base            0x4               /home/nubian/project2/lib_proj2.a(rtc.o)
txbuf               0x40              /home/nubian/project2/lib_proj2.a(serial.o)
config              0x12              obj/Release/config.o

Memory Configuration

Name             Origin             Length             Attributes
text             0x0000000000000000 0x0000000000020000 xr
data             0x0000000000800060 0x000000000000ffa0 rw !x
eeprom           0x0000000000810000 0x0000000000010000 rw !x
fuse             0x0000000000820000 0x0000000000000400 rw !x
lock             0x0000000000830000 0x0000000000000400 rw !x
signature        0x0000000000840000 0x0000000000000400 rw !x
user_signatures  0x0000000000850000 0x0000000000000400 rw !x
*default*        0x0000000000000000 0xffffffffffffffff

Linker script and memory map

Address of section .data set to 0x800100
LOAD /usr/lib/gcc/avr/4.9.2/../../../avr/lib/avr5/crtatmega328p.o
LOAD obj/Release/config.o
LOAD obj/Release/eeprom.o
LOAD obj/Release/fuse.o
LOAD obj/Release/main.o
LOAD obj/Release/util.o
LOAD obj/Release/vpd.o
LOAD /home/nubian/project2/lib_proj2.a
LOAD /usr/lib/gcc/avr/4.9.2/avr5/libgcc.a
LOAD /usr/lib/gcc/avr/4.9.2/../../../avr/lib/avr5/libm.a
START GROUP
LOAD /usr/lib/gcc/avr/4.9.2/avr5/libgcc.a
LOAD /usr/lib/gcc/avr/4.9.2/../../../avr/lib/avr5/libm.a
LOAD /usr/lib/gcc/avr/4.9.2/../../../avr/lib/avr5/libc.a
LOAD /usr/lib/gcc/avr/4.9.2/../../../avr/lib/avr5/libatmega328p.a
END GROUP

.hash
 *(.hash)

.dynsym
 *(.dynsym)

.dynstr
 *(.dynstr)

.gnu.version
 *(.gnu.version)

.gnu.version_d
 *(.gnu.version_d)

.gnu.version_r
 *(.gnu.version_r)

.rel.init
 *(.rel.init)

.rela.init
 *(.rela.init)

.rel.text
 *(.rel.text)
 *(.rel.text.*)
 *(.rel.gnu.linkonce.t*)

.rela.text
 *(.rela.text)
 *(.rela.text.*)
 *(.rela.gnu.linkonce.t*)

.rel.fini
 *(.rel.fini)

.rela.fini
 *(.rela.fini)

.rel.rodata
 *(.rel.rodata)
 *(.rel.rodata.*)
 *(.rel.gnu.linkonce.r*)

.rela.rodata
 *(.rela.rodata)
 *(.rela.rodata.*)
 *(.rela.gnu.linkonce.r*)

.rel.data
 *(.rel.data)
 *(.rel.data.*)
 *(.rel.gnu.linkonce.d*)

.rela.data
 *(.rela.data)
 *(.rela.data.*)
 *(.rela.gnu.linkonce.d*)

.rel.ctors
 *(.rel.ctors)

.rela.ctors
 *(.rela.ctors)

.rel.dtors
 *(.rel.dtors)

.rela.dtors
 *(.rela.dtors)

.rel.got
 *(.rel.got)

.rela.got
 *(.rela.got)

.rel.bss
 *(.rel.bss)

.rela.bss
 *(.rela.bss)

.rel.plt
 *(.rel.plt)

.rela.plt
 *(.rela.plt)

.text           0x0000000000000000     0x176e
 *(.vectors)
 .vectors       0x0000000000000000       0x68 /usr/lib/gcc/avr/4.9.2/../../../avr/lib/avr5/crtatmega328p.o
                0x0000000000000000                __vectors
                0x0000000000000000                __vector_default
 *(.vectors)
 *(.progmem.gcc*)
                0x0000000000000068                . = ALIGN (0x2)
                0x0000000000000068                __trampolines_start = .
 *(.trampolines)
 .trampolines   0x0000000000000068        0x0 linker stubs
 *(.trampolines*)
                0x0000000000000068                __trampolines_end = .
 *(.progmem*)
                0x0000000000000068                . = ALIGN (0x2)
 *(.jumptables)
 *(.jumptables*)
 *(.lowtext)
 *(.lowtext*)
                0x0000000000000068                __ctors_start = .
 *(.ctors)
                0x0000000000000068                __ctors_end = .
                0x0000000000000068                __dtors_start = .
 *(.dtors)
                0x0000000000000068                __dtors_end = .
 SORT(*)(.ctors)
 SORT(*)(.dtors)
 *(.init0)
 .init0         0x0000000000000068        0x0 /usr/lib/gcc/avr/4.9.2/../../../avr/lib/avr5/crtatmega328p.o
                0x0000000000000068                __init
 *(.init0)
 *(.init1)
 *(.init1)
 *(.init2)
 .init2         0x0000000000000068        0xc /usr/lib/gcc/avr/4.9.2/../../../avr/lib/avr5/crtatmega328p.o
 *(.init2)
 *(.init3)
 *(.init3)
 *(.init4)
 .init4         0x0000000000000074       0x16 /usr/lib/gcc/avr/4.9.2/avr5/libgcc.a(_copy_data.o)
                0x0000000000000074                __do_copy_data
 .init4         0x000000000000008a       0x10 /usr/lib/gcc/avr/4.9.2/avr5/libgcc.a(_clear_bss.o)
                0x000000000000008a                __do_clear_bss
 *(.init4)
 *(.init5)
 *(.init5)
 *(.init6)
 *(.init6)
 *(.init7)
 *(.init7)
 *(.init8)
 *(.init8)
 *(.init9)
 .init9         0x000000000000009a        0x8 /usr/lib/gcc/avr/4.9.2/../../../avr/lib/avr5/crtatmega328p.o
 *(.init9)
 *(.text)
 .text          0x00000000000000a2        0x4 /usr/lib/gcc/avr/4.9.2/../../../avr/lib/avr5/crtatmega328p.o
                0x00000000000000a2                __vector_1
                0x00000000000000a2                __vector_24
                0x00000000000000a2                __vector_12
                0x00000000000000a2                __bad_interrupt
                0x00000000000000a2                __vector_6
                0x00000000000000a2                __vector_3
                0x00000000000000a2                __vector_23
                0x00000000000000a2                __vector_25
                0x00000000000000a2                __vector_13
                0x00000000000000a2                __vector_17
                0x00000000000000a2                __vector_7
                0x00000000000000a2                __vector_5
                0x00000000000000a2                __vector_4
                0x00000000000000a2                __vector_9
                0x00000000000000a2                __vector_2
                0x00000000000000a2                __vector_21
                0x00000000000000a2                __vector_15
                0x00000000000000a2                __vector_8
                0x00000000000000a2                __vector_10
                0x00000000000000a2                __vector_16
                0x00000000000000a2                __vector_20
 .text          0x00000000000000a6       0xb2 obj/Release/config.o
                0x00000000000000a6                config_update
                0x00000000000000ca                config_is_data_valid
                0x0000000000000104                config_set_modified
                0x000000000000010c                config_write_defaults
                0x0000000000000126                config_init
 .text          0x0000000000000158       0xf4 obj/Release/eeprom.o
                0x0000000000000158                eeprom_writebuf
                0x0000000000000190                eeprom_readbuf
                0x00000000000001c0                eeprom_isbusy
                0x00000000000001d2                __vector_22
 .text          0x000000000000024c        0x0 obj/Release/fuse.o
 .text          0x000000000000024c        0x0 obj/Release/main.o
 .text          0x000000000000024c       0x2c obj/Release/util.o
                0x000000000000024c                update_checksum
                0x0000000000000272                is_checksum_valid
 .text          0x0000000000000278       0x8e obj/Release/vpd.o
                0x0000000000000278                vpd_is_data_valid
                0x00000000000002b2                vpd_write_defaults
                0x00000000000002cc                vpd_init
 .text          0x0000000000000306       0xd8 /home/nubian/project2/lib_proj2.a(led.o)
                0x0000000000000306                led_set_blink
                0x000000000000032a                led_update
 .text          0x00000000000003de       0x18 /home/nubian/project2/lib_proj2.a(led_part.o)
                0x00000000000003de                led_init
                0x00000000000003e4                led_on
                0x00000000000003e8                led_off
                0x00000000000003ec                led_is_on
 .text          0x00000000000003f6      0x3e4 /home/nubian/project2/lib_proj2.a(log.o)
                0x00000000000003f6                log_is_data_valid
                0x0000000000000442                log_init
                0x00000000000005d8                log_update
                0x0000000000000642                log_add_record
                0x00000000000006e6                log_clear
                0x0000000000000720                log_get_num_entries
                0x0000000000000752                log_get_record
 .text          0x00000000000007da      0x5ec /home/nubian/project2/lib_proj2.a(rtc.o)
                0x00000000000007da                rtc_init
                0x00000000000007de                rtc_get_date
                0x0000000000000804                is_leapyear
                0x0000000000000838                rtc_set_by_datestr
                0x0000000000000afe                get_month
                0x0000000000000b8e                rtc_num2datestr
                0x0000000000000d9e                rtc_get_date_string
 .text          0x0000000000000dc6       0xe8 /home/nubian/project2/lib_proj2.a(str.o)
                0x0000000000000dc6                str_cpy
                0x0000000000000dda                str_writeudec16
 .text          0x0000000000000eae       0x98 /home/nubian/project2/lib_proj2.a(timer1.o)
                0x0000000000000eae                __vector_11
                0x0000000000000ef8                timer1_init
                0x0000000000000f16                timer1_get
                0x0000000000000f2e                timer1_clear
 .text          0x0000000000000f46      0x19a /home/nubian/project2/lib_proj2.a(uart.o)
                0x0000000000000f46                uart_init
                0x0000000000000f4e                uart_writechar
                0x0000000000000f52                uart_writestr
                0x0000000000000f6a                uart_writehex8
                0x0000000000000f9c                uart_writehex16
                0x0000000000000fae                uart_writedec32
 .text          0x00000000000010e0      0x1a0 /home/nubian/project2/lib_proj2.a(util_part.o)
                0x00000000000010e0                dump_eeprom
 .text          0x0000000000001280      0x12c /home/nubian/project2/lib_proj2.a(delay.o)
                0x0000000000001280                __vector_14
                0x00000000000012f4                delay_init
                0x0000000000001306                delay_get
                0x0000000000001326                delay_isdone
                0x0000000000001358                delay_set
 .text          0x00000000000013ac      0x1e4 /home/nubian/project2/lib_proj2.a(serial.o)
                0x00000000000013ac                serial_init
                0x00000000000013d2                __vector_18
                0x0000000000001434                __vector_19
                0x000000000000149a                serial_rxchars
                0x00000000000014a8                serial_popchar
                0x00000000000014dc                serial_writechar
                0x000000000000153c                serial_writestr
                0x0000000000001566                serial_writestr_P
 .text          0x0000000000001590        0x0 /usr/lib/gcc/avr/4.9.2/avr5/libgcc.a(_mulsi3.o)
 .text          0x0000000000001590        0x0 /usr/lib/gcc/avr/4.9.2/avr5/libgcc.a(_udivmodhi4.o)
 .text          0x0000000000001590        0x0 /usr/lib/gcc/avr/4.9.2/avr5/libgcc.a(_divmodhi4.o)
 .text          0x0000000000001590        0x0 /usr/lib/gcc/avr/4.9.2/avr5/libgcc.a(_udivmodsi4.o)
 .text          0x0000000000001590        0x0 /usr/lib/gcc/avr/4.9.2/avr5/libgcc.a(_divmodsi4.o)
 .text          0x0000000000001590        0x0 /usr/lib/gcc/avr/4.9.2/avr5/libgcc.a(_negsi2.o)
 .text          0x0000000000001590        0x0 /usr/lib/gcc/avr/4.9.2/avr5/libgcc.a(_exit.o)
 .text          0x0000000000001590        0x0 /usr/lib/gcc/avr/4.9.2/avr5/libgcc.a(_copy_data.o)
 .text          0x0000000000001590        0x0 /usr/lib/gcc/avr/4.9.2/avr5/libgcc.a(_clear_bss.o)
 .text          0x0000000000001590        0x0 /usr/lib/gcc/avr/4.9.2/avr5/libgcc.a(_umulhisi3.o)
 .text          0x0000000000001590        0x0 /usr/lib/gcc/avr/4.9.2/avr5/libgcc.a(_muluhisi3.o)
                0x0000000000001590                . = ALIGN (0x2)
 *(.text.*)
 .text.startup  0x0000000000001590       0xb4 obj/Release/main.o
                0x0000000000001590                main
 .text.libgcc.mul
                0x0000000000001644       0x20 /usr/lib/gcc/avr/4.9.2/avr5/libgcc.a(_mulsi3.o)
                0x0000000000001644                __mulsi3
 .text.libgcc.div
                0x0000000000001664        0x0 /usr/lib/gcc/avr/4.9.2/avr5/libgcc.a(_mulsi3.o)
 .text.libgcc   0x0000000000001664        0x0 /usr/lib/gcc/avr/4.9.2/avr5/libgcc.a(_mulsi3.o)
 .text.libgcc.prologue
                0x0000000000001664        0x0 /usr/lib/gcc/avr/4.9.2/avr5/libgcc.a(_mulsi3.o)
 .text.libgcc.builtins
                0x0000000000001664        0x0 /usr/lib/gcc/avr/4.9.2/avr5/libgcc.a(_mulsi3.o)
 .text.libgcc.fmul
                0x0000000000001664        0x0 /usr/lib/gcc/avr/4.9.2/avr5/libgcc.a(_mulsi3.o)
 .text.libgcc.fixed
                0x0000000000001664        0x0 /usr/lib/gcc/avr/4.9.2/avr5/libgcc.a(_mulsi3.o)
 .text.libgcc.mul
                0x0000000000001664        0x0 /usr/lib/gcc/avr/4.9.2/avr5/libgcc.a(_udivmodhi4.o)
 .text.libgcc.div
                0x0000000000001664       0x28 /usr/lib/gcc/avr/4.9.2/avr5/libgcc.a(_udivmodhi4.o)
                0x0000000000001664                __udivmodhi4
 .text.libgcc   0x000000000000168c        0x0 /usr/lib/gcc/avr/4.9.2/avr5/libgcc.a(_udivmodhi4.o)
 .text.libgcc.prologue
                0x000000000000168c        0x0 /usr/lib/gcc/avr/4.9.2/avr5/libgcc.a(_udivmodhi4.o)
 .text.libgcc.builtins
                0x000000000000168c        0x0 /usr/lib/gcc/avr/4.9.2/avr5/libgcc.a(_udivmodhi4.o)
 .text.libgcc.fmul
                0x000000000000168c        0x0 /usr/lib/gcc/avr/4.9.2/avr5/libgcc.a(_udivmodhi4.o)
 .text.libgcc.fixed
                0x000000000000168c        0x0 /usr/lib/gcc/avr/4.9.2/avr5/libgcc.a(_udivmodhi4.o)
 .text.libgcc.mul
                0x000000000000168c        0x0 /usr/lib/gcc/avr/4.9.2/avr5/libgcc.a(_divmodhi4.o)
 .text.libgcc.div
                0x000000000000168c       0x28 /usr/lib/gcc/avr/4.9.2/avr5/libgcc.a(_divmodhi4.o)
                0x000000000000168c                __divmodhi4
                0x000000000000168c                _div
 .text.libgcc   0x00000000000016b4        0x0 /usr/lib/gcc/avr/4.9.2/avr5/libgcc.a(_divmodhi4.o)
 .text.libgcc.prologue
                0x00000000000016b4        0x0 /usr/lib/gcc/avr/4.9.2/avr5/libgcc.a(_divmodhi4.o)
 .text.libgcc.builtins
                0x00000000000016b4        0x0 /usr/lib/gcc/avr/4.9.2/avr5/libgcc.a(_divmodhi4.o)
 .text.libgcc.fmul
                0x00000000000016b4        0x0 /usr/lib/gcc/avr/4.9.2/avr5/libgcc.a(_divmodhi4.o)
 .text.libgcc.fixed
                0x00000000000016b4        0x0 /usr/lib/gcc/avr/4.9.2/avr5/libgcc.a(_divmodhi4.o)
 .text.libgcc.mul
                0x00000000000016b4        0x0 /usr/lib/gcc/avr/4.9.2/avr5/libgcc.a(_udivmodsi4.o)
 .text.libgcc.div
                0x00000000000016b4       0x44 /usr/lib/gcc/avr/4.9.2/avr5/libgcc.a(_udivmodsi4.o)
                0x00000000000016b4                __udivmodsi4
 .text.libgcc   0x00000000000016f8        0x0 /usr/lib/gcc/avr/4.9.2/avr5/libgcc.a(_udivmodsi4.o)
 .text.libgcc.prologue
                0x00000000000016f8        0x0 /usr/lib/gcc/avr/4.9.2/avr5/libgcc.a(_udivmodsi4.o)
 .text.libgcc.builtins
                0x00000000000016f8        0x0 /usr/lib/gcc/avr/4.9.2/avr5/libgcc.a(_udivmodsi4.o)
 .text.libgcc.fmul
                0x00000000000016f8        0x0 /usr/lib/gcc/avr/4.9.2/avr5/libgcc.a(_udivmodsi4.o)
 .text.libgcc.fixed
                0x00000000000016f8        0x0 /usr/lib/gcc/avr/4.9.2/avr5/libgcc.a(_udivmodsi4.o)
 .text.libgcc.mul
                0x00000000000016f8        0x0 /usr/lib/gcc/avr/4.9.2/avr5/libgcc.a(_divmodsi4.o)
 .text.libgcc.div
                0x00000000000016f8       0x2e /usr/lib/gcc/avr/4.9.2/avr5/libgcc.a(_divmodsi4.o)
                0x00000000000016f8                __divmodsi4
 .text.libgcc   0x0000000000001726        0x0 /usr/lib/gcc/avr/4.9.2/avr5/libgcc.a(_divmodsi4.o)
 .text.libgcc.prologue
                0x0000000000001726        0x0 /usr/lib/gcc/avr/4.9.2/avr5/libgcc.a(_divmodsi4.o)
 .text.libgcc.builtins
                0x0000000000001726        0x0 /usr/lib/gcc/avr/4.9.2/avr5/libgcc.a(_divmodsi4.o)
 .text.libgcc.fmul
                0x0000000000001726        0x0 /usr/lib/gcc/avr/4.9.2/avr5/libgcc.a(_divmodsi4.o)
 .text.libgcc.fixed
                0x0000000000001726        0x0 /usr/lib/gcc/avr/4.9.2/avr5/libgcc.a(_divmodsi4.o)
 .text.libgcc.mul
                0x0000000000001726        0x0 /usr/lib/gcc/avr/4.9.2/avr5/libgcc.a(_negsi2.o)
 .text.libgcc.div
                0x0000000000001726       0x10 /usr/lib/gcc/avr/4.9.2/avr5/libgcc.a(_negsi2.o)
                0x0000000000001726                __negsi2
 .text.libgcc   0x0000000000001736        0x0 /usr/lib/gcc/avr/4.9.2/avr5/libgcc.a(_negsi2.o)
 .text.libgcc.prologue
                0x0000000000001736        0x0 /usr/lib/gcc/avr/4.9.2/avr5/libgcc.a(_negsi2.o)
 .text.libgcc.builtins
                0x0000000000001736        0x0 /usr/lib/gcc/avr/4.9.2/avr5/libgcc.a(_negsi2.o)
 .text.libgcc.fmul
                0x0000000000001736        0x0 /usr/lib/gcc/avr/4.9.2/avr5/libgcc.a(_negsi2.o)
 .text.libgcc.fixed
                0x0000000000001736        0x0 /usr/lib/gcc/avr/4.9.2/avr5/libgcc.a(_negsi2.o)
 .text.libgcc.mul
                0x0000000000001736        0x0 /usr/lib/gcc/avr/4.9.2/avr5/libgcc.a(_exit.o)
 .text.libgcc.div
                0x0000000000001736        0x0 /usr/lib/gcc/avr/4.9.2/avr5/libgcc.a(_exit.o)
 .text.libgcc   0x0000000000001736        0x0 /usr/lib/gcc/avr/4.9.2/avr5/libgcc.a(_exit.o)
 .text.libgcc.prologue
                0x0000000000001736        0x0 /usr/lib/gcc/avr/4.9.2/avr5/libgcc.a(_exit.o)
 .text.libgcc.builtins
                0x0000000000001736        0x0 /usr/lib/gcc/avr/4.9.2/avr5/libgcc.a(_exit.o)
 .text.libgcc.fmul
                0x0000000000001736        0x0 /usr/lib/gcc/avr/4.9.2/avr5/libgcc.a(_exit.o)
 .text.libgcc.fixed
                0x0000000000001736        0x0 /usr/lib/gcc/avr/4.9.2/avr5/libgcc.a(_exit.o)
 .text.libgcc.mul
                0x0000000000001736        0x0 /usr/lib/gcc/avr/4.9.2/avr5/libgcc.a(_copy_data.o)
 .text.libgcc.div
                0x0000000000001736        0x0 /usr/lib/gcc/avr/4.9.2/avr5/libgcc.a(_copy_data.o)
 .text.libgcc   0x0000000000001736        0x0 /usr/lib/gcc/avr/4.9.2/avr5/libgcc.a(_copy_data.o)
 .text.libgcc.prologue
                0x0000000000001736        0x0 /usr/lib/gcc/avr/4.9.2/avr5/libgcc.a(_copy_data.o)
 .text.libgcc.builtins
                0x0000000000001736        0x0 /usr/lib/gcc/avr/4.9.2/avr5/libgcc.a(_copy_data.o)
 .text.libgcc.fmul
                0x0000000000001736        0x0 /usr/lib/gcc/avr/4.9.2/avr5/libgcc.a(_copy_data.o)
 .text.libgcc.fixed
                0x0000000000001736        0x0 /usr/lib/gcc/avr/4.9.2/avr5/libgcc.a(_copy_data.o)
 .text.libgcc.mul
                0x0000000000001736        0x0 /usr/lib/gcc/avr/4.9.2/avr5/libgcc.a(_clear_bss.o)
 .text.libgcc.div
                0x0000000000001736        0x0 /usr/lib/gcc/avr/4.9.2/avr5/libgcc.a(_clear_bss.o)
 .text.libgcc   0x0000000000001736        0x0 /usr/lib/gcc/avr/4.9.2/avr5/libgcc.a(_clear_bss.o)
 .text.libgcc.prologue
                0x0000000000001736        0x0 /usr/lib/gcc/avr/4.9.2/avr5/libgcc.a(_clear_bss.o)
 .text.libgcc.builtins
                0x0000000000001736        0x0 /usr/lib/gcc/avr/4.9.2/avr5/libgcc.a(_clear_bss.o)
 .text.libgcc.fmul
                0x0000000000001736        0x0 /usr/lib/gcc/avr/4.9.2/avr5/libgcc.a(_clear_bss.o)
 .text.libgcc.fixed
                0x0000000000001736        0x0 /usr/lib/gcc/avr/4.9.2/avr5/libgcc.a(_clear_bss.o)
 .text.libgcc.mul
                0x0000000000001736       0x1e /usr/lib/gcc/avr/4.9.2/avr5/libgcc.a(_umulhisi3.o)
                0x0000000000001736                __umulhisi3
 .text.libgcc.div
                0x0000000000001754        0x0 /usr/lib/gcc/avr/4.9.2/avr5/libgcc.a(_umulhisi3.o)
 .text.libgcc   0x0000000000001754        0x0 /usr/lib/gcc/avr/4.9.2/avr5/libgcc.a(_umulhisi3.o)
 .text.libgcc.prologue
                0x0000000000001754        0x0 /usr/lib/gcc/avr/4.9.2/avr5/libgcc.a(_umulhisi3.o)
 .text.libgcc.builtins
                0x0000000000001754        0x0 /usr/lib/gcc/avr/4.9.2/avr5/libgcc.a(_umulhisi3.o)
 .text.libgcc.fmul
                0x0000000000001754        0x0 /usr/lib/gcc/avr/4.9.2/avr5/libgcc.a(_umulhisi3.o)
 .text.libgcc.fixed
                0x0000000000001754        0x0 /usr/lib/gcc/avr/4.9.2/avr5/libgcc.a(_umulhisi3.o)
 .text.libgcc.mul
                0x0000000000001754       0x16 /usr/lib/gcc/avr/4.9.2/avr5/libgcc.a(_muluhisi3.o)
                0x0000000000001754                __muluhisi3
 .text.libgcc.div
                0x000000000000176a        0x0 /usr/lib/gcc/avr/4.9.2/avr5/libgcc.a(_muluhisi3.o)
 .text.libgcc   0x000000000000176a        0x0 /usr/lib/gcc/avr/4.9.2/avr5/libgcc.a(_muluhisi3.o)
 .text.libgcc.prologue
                0x000000000000176a        0x0 /usr/lib/gcc/avr/4.9.2/avr5/libgcc.a(_muluhisi3.o)
 .text.libgcc.builtins
                0x000000000000176a        0x0 /usr/lib/gcc/avr/4.9.2/avr5/libgcc.a(_muluhisi3.o)
 .text.libgcc.fmul
                0x000000000000176a        0x0 /usr/lib/gcc/avr/4.9.2/avr5/libgcc.a(_muluhisi3.o)
 .text.libgcc.fixed
                0x000000000000176a        0x0 /usr/lib/gcc/avr/4.9.2/avr5/libgcc.a(_muluhisi3.o)
                0x000000000000176a                . = ALIGN (0x2)
 *(.fini9)
 .fini9         0x000000000000176a        0x0 /usr/lib/gcc/avr/4.9.2/avr5/libgcc.a(_exit.o)
                0x000000000000176a                exit
                0x000000000000176a                _exit
 *(.fini9)
 *(.fini8)
 *(.fini8)
 *(.fini7)
 *(.fini7)
 *(.fini6)
 *(.fini6)
 *(.fini5)
 *(.fini5)
 *(.fini4)
 *(.fini4)
 *(.fini3)
 *(.fini3)
 *(.fini2)
 *(.fini2)
 *(.fini1)
 *(.fini1)
 *(.fini0)
 .fini0         0x000000000000176a        0x4 /usr/lib/gcc/avr/4.9.2/avr5/libgcc.a(_exit.o)
 *(.fini0)
                0x000000000000176e                _etext = .

.data           0x0000000000800100       0xd8 load address 0x000000000000176e
                0x0000000000800100                PROVIDE (__data_start, .)
 *(.data)
 .data          0x0000000000800100        0x0 /usr/lib/gcc/avr/4.9.2/../../../avr/lib/avr5/crtatmega328p.o
 .data          0x0000000000800100       0x12 obj/Release/config.o
 .data          0x0000000000800112        0x0 obj/Release/eeprom.o
 .data          0x0000000000800112        0x0 obj/Release/fuse.o
 .data          0x0000000000800112        0x0 obj/Release/main.o
 .data          0x0000000000800112        0x0 obj/Release/util.o
 .data          0x0000000000800112       0x37 obj/Release/vpd.o
 .data          0x0000000000800149        0x0 /home/nubian/project2/lib_proj2.a(led.o)
 .data          0x0000000000800149        0x0 /home/nubian/project2/lib_proj2.a(led_part.o)
 .data          0x0000000000800149        0x0 /home/nubian/project2/lib_proj2.a(log.o)
 .data          0x0000000000800149       0x14 /home/nubian/project2/lib_proj2.a(rtc.o)
 .data          0x000000000080015d        0x0 /home/nubian/project2/lib_proj2.a(str.o)
 .data          0x000000000080015d        0x0 /home/nubian/project2/lib_proj2.a(timer1.o)
 .data          0x000000000080015d        0x0 /home/nubian/project2/lib_proj2.a(uart.o)
 .data          0x000000000080015d        0x0 /home/nubian/project2/lib_proj2.a(util_part.o)
 .data          0x000000000080015d        0x0 /home/nubian/project2/lib_proj2.a(delay.o)
 .data          0x000000000080015d        0x0 /home/nubian/project2/lib_proj2.a(serial.o)
 .data          0x000000000080015d        0x0 /usr/lib/gcc/avr/4.9.2/avr5/libgcc.a(_mulsi3.o)
 .data          0x000000000080015d        0x0 /usr/lib/gcc/avr/4.9.2/avr5/libgcc.a(_udivmodhi4.o)
 .data          0x000000000080015d        0x0 /usr/lib/gcc/avr/4.9.2/avr5/libgcc.a(_divmodhi4.o)
 .data          0x000000000080015d        0x0 /usr/lib/gcc/avr/4.9.2/avr5/libgcc.a(_udivmodsi4.o)
 .data          0x000000000080015d        0x0 /usr/lib/gcc/avr/4.9.2/avr5/libgcc.a(_divmodsi4.o)
 .data          0x000000000080015d        0x0 /usr/lib/gcc/avr/4.9.2/avr5/libgcc.a(_negsi2.o)
 .data          0x000000000080015d        0x0 /usr/lib/gcc/avr/4.9.2/avr5/libgcc.a(_exit.o)
 .data          0x000000000080015d        0x0 /usr/lib/gcc/avr/4.9.2/avr5/libgcc.a(_copy_data.o)
 .data          0x000000000080015d        0x0 /usr/lib/gcc/avr/4.9.2/avr5/libgcc.a(_clear_bss.o)
 .data          0x000000000080015d        0x0 /usr/lib/gcc/avr/4.9.2/avr5/libgcc.a(_umulhisi3.o)
 .data          0x000000000080015d        0x0 /usr/lib/gcc/avr/4.9.2/avr5/libgcc.a(_muluhisi3.o)
 *(.data*)
 *(.rodata)
 .rodata        0x000000000080015d        0xc /home/nubian/project2/lib_proj2.a(rtc.o)
 *(.rodata*)
 .rodata.str1.1
                0x0000000000800169       0x41 obj/Release/main.o
 .rodata.str1.1
                0x00000000008001aa       0x16 obj/Release/vpd.o
 .rodata.str1.1
                0x00000000008001c0       0x14 /home/nubian/project2/lib_proj2.a(rtc.o)
 .rodata.str1.1
                0x00000000008001d4        0x4 /home/nubian/project2/lib_proj2.a(util_part.o)
                                          0x7 (size before relaxing)
 *(.gnu.linkonce.d*)
                0x00000000008001d8                . = ALIGN (0x2)
                0x00000000008001d8                _edata = .
                0x00000000008001d8                PROVIDE (__data_end, .)

.bss            0x00000000008001d8      0x1ad
                0x00000000008001d8                PROVIDE (__bss_start, .)
 *(.bss)
 .bss           0x00000000008001d8        0x0 /usr/lib/gcc/avr/4.9.2/../../../avr/lib/avr5/crtatmega328p.o
 .bss           0x00000000008001d8        0x1 obj/Release/config.o
 .bss           0x00000000008001d9       0x45 obj/Release/eeprom.o
 .bss           0x000000000080021e        0x0 obj/Release/fuse.o
 .bss           0x000000000080021e        0x0 obj/Release/main.o
 .bss           0x000000000080021e        0x0 obj/Release/util.o
 .bss           0x000000000080021e        0x0 obj/Release/vpd.o
 .bss           0x000000000080021e        0x5 /home/nubian/project2/lib_proj2.a(led.o)
 .bss           0x0000000000800223        0x0 /home/nubian/project2/lib_proj2.a(led_part.o)
 .bss           0x0000000000800223       0x83 /home/nubian/project2/lib_proj2.a(log.o)
 .bss           0x00000000008002a6        0x0 /home/nubian/project2/lib_proj2.a(rtc.o)
 .bss           0x00000000008002a6        0x0 /home/nubian/project2/lib_proj2.a(str.o)
 .bss           0x00000000008002a6        0x4 /home/nubian/project2/lib_proj2.a(timer1.o)
 .bss           0x00000000008002aa        0x0 /home/nubian/project2/lib_proj2.a(uart.o)
 .bss           0x00000000008002aa        0x0 /home/nubian/project2/lib_proj2.a(util_part.o)
 .bss           0x00000000008002aa        0xa /home/nubian/project2/lib_proj2.a(delay.o)
 .bss           0x00000000008002b4        0x4 /home/nubian/project2/lib_proj2.a(serial.o)
                0x00000000008002b4                txtail
                0x00000000008002b5                txhead
                0x00000000008002b6                rxtail
                0x00000000008002b7                rxhead
 .bss           0x00000000008002b8        0x0 /usr/lib/gcc/avr/4.9.2/avr5/libgcc.a(_mulsi3.o)
 .bss           0x00000000008002b8        0x0 /usr/lib/gcc/avr/4.9.2/avr5/libgcc.a(_udivmodhi4.o)
 .bss           0x00000000008002b8        0x0 /usr/lib/gcc/avr/4.9.2/avr5/libgcc.a(_divmodhi4.o)
 .bss           0x00000000008002b8        0x0 /usr/lib/gcc/avr/4.9.2/avr5/libgcc.a(_udivmodsi4.o)
 .bss           0x00000000008002b8        0x0 /usr/lib/gcc/avr/4.9.2/avr5/libgcc.a(_divmodsi4.o)
 .bss           0x00000000008002b8        0x0 /usr/lib/gcc/avr/4.9.2/avr5/libgcc.a(_negsi2.o)
 .bss           0x00000000008002b8        0x0 /usr/lib/gcc/avr/4.9.2/avr5/libgcc.a(_exit.o)
 .bss           0x00000000008002b8        0x0 /usr/lib/gcc/avr/4.9.2/avr5/libgcc.a(_copy_data.o)
 .bss           0x00000000008002b8        0x0 /usr/lib/gcc/avr/4.9.2/avr5/libgcc.a(_clear_bss.o)
 .bss           0x00000000008002b8        0x0 /usr/lib/gcc/avr/4.9.2/avr5/libgcc.a(_umulhisi3.o)
 .bss           0x00000000008002b8        0x0 /usr/lib/gcc/avr/4.9.2/avr5/libgcc.a(_muluhisi3.o)
 *(.bss*)
 *(COMMON)
 COMMON         0x00000000008002b8       0x12 obj/Release/config.o
                0x00000000008002b8                config
 COMMON         0x00000000008002ca       0x37 obj/Release/vpd.o
                0x00000000008002ca                vpd
 COMMON         0x0000000000800301        0x4 /home/nubian/project2/lib_proj2.a(rtc.o)
                0x0000000000800301                rtc_base
 COMMON         0x0000000000800305       0x80 /home/nubian/project2/lib_proj2.a(serial.o)
                0x0000000000800305                rxbuf
                0x0000000000800345                txbuf
                0x0000000000800385                PROVIDE (__bss_end, .)
                0x000000000000176e                __data_load_start = LOADADDR (.data)
                0x0000000000001846                __data_load_end = (__data_load_start + SIZEOF (.data))

.noinit         0x0000000000800385        0x0
                0x0000000000800385                PROVIDE (__noinit_start, .)
 *(.noinit*)
                0x0000000000800385                PROVIDE (__noinit_end, .)
                0x0000000000800385                _end = .
                0x0000000000800385                PROVIDE (__heap_start, .)

.eeprom         0x0000000000810000        0x0
 *(.eeprom*)
                0x0000000000810000                __eeprom_end = .

.fuse           0x0000000000820000        0x3
 *(.fuse)
 .fuse          0x0000000000820000        0x3 obj/Release/fuse.o
                0x0000000000820000                __fuse
 *(.lfuse)
 *(.hfuse)
 *(.efuse)

.lock
 *(.lock*)

.signature
 *(.signature*)

.user_signatures
 *(.user_signatures*)

.stab
 *(.stab)

.stabstr
 *(.stabstr)

.stab.excl
 *(.stab.excl)

.stab.exclstr
 *(.stab.exclstr)

.stab.index
 *(.stab.index)

.stab.indexstr
 *(.stab.indexstr)

.comment        0x0000000000000000       0x11
 *(.comment)
 .comment       0x0000000000000000       0x11 obj/Release/config.o
                                         0x12 (size before relaxing)
 .comment       0x0000000000000011       0x12 obj/Release/eeprom.o
 .comment       0x0000000000000011       0x12 obj/Release/fuse.o
 .comment       0x0000000000000011       0x12 obj/Release/main.o
 .comment       0x0000000000000011       0x12 obj/Release/util.o
 .comment       0x0000000000000011       0x12 obj/Release/vpd.o
 .comment       0x0000000000000011       0x12 /home/nubian/project2/lib_proj2.a(led.o)
 .comment       0x0000000000000011       0x12 /home/nubian/project2/lib_proj2.a(led_part.o)
 .comment       0x0000000000000011       0x12 /home/nubian/project2/lib_proj2.a(log.o)
 .comment       0x0000000000000011       0x12 /home/nubian/project2/lib_proj2.a(rtc.o)
 .comment       0x0000000000000011       0x12 /home/nubian/project2/lib_proj2.a(str.o)
 .comment       0x0000000000000011       0x12 /home/nubian/project2/lib_proj2.a(timer1.o)
 .comment       0x0000000000000011       0x12 /home/nubian/project2/lib_proj2.a(uart.o)
 .comment       0x0000000000000011       0x12 /home/nubian/project2/lib_proj2.a(util_part.o)
 .comment       0x0000000000000011       0x12 /home/nubian/project2/lib_proj2.a(delay.o)
 .comment       0x0000000000000011       0x12 /home/nubian/project2/lib_proj2.a(serial.o)

.note.gnu.avr.deviceinfo
                0x0000000000000000       0x40
 .note.gnu.avr.deviceinfo
                0x0000000000000000       0x40 /usr/lib/gcc/avr/4.9.2/../../../avr/lib/avr5/crtatmega328p.o

.note.gnu.build-id
 *(.note.gnu.build-id)

.debug
 *(.debug)

.line
 *(.line)

.debug_srcinfo
 *(.debug_srcinfo)

.debug_sfnames
 *(.debug_sfnames)

.debug_aranges
 *(.debug_aranges)

.debug_pubnames
 *(.debug_pubnames)

.debug_info
 *(.debug_info .gnu.linkonce.wi.*)

.debug_abbrev
 *(.debug_abbrev)

.debug_line
 *(.debug_line .debug_line.* .debug_line_end)

.debug_frame
 *(.debug_frame)

.debug_str
 *(.debug_str)

.debug_loc
 *(.debug_loc)

.debug_macinfo
 *(.debug_macinfo)

.debug_weaknames
 *(.debug_weaknames)

.debug_funcnames
 *(.debug_funcnames)

.debug_typenames
 *(.debug_typenames)

.debug_varnames
 *(.debug_varnames)

.debug_pubtypes
 *(.debug_pubtypes)

.debug_ranges
 *(.debug_ranges)

.debug_macro
 *(.debug_macro)
OUTPUT(bin/Release/project2.elf elf32-avr)
LOAD linker stubs

Cross Reference Table

Symbol                                            File
__bad_interrupt                                   /usr/lib/gcc/avr/4.9.2/../../../avr/lib/avr5/crtatmega328p.o
__bss_end                                         /usr/lib/gcc/avr/4.9.2/avr5/libgcc.a(_clear_bss.o)
__bss_start                                       /usr/lib/gcc/avr/4.9.2/avr5/libgcc.a(_clear_bss.o)
__data_end                                        /usr/lib/gcc/avr/4.9.2/avr5/libgcc.a(_copy_data.o)
__data_load_start                                 /usr/lib/gcc/avr/4.9.2/avr5/libgcc.a(_copy_data.o)
__data_start                                      /usr/lib/gcc/avr/4.9.2/avr5/libgcc.a(_copy_data.o)
__divmodhi4                                       /usr/lib/gcc/avr/4.9.2/avr5/libgcc.a(_divmodhi4.o)
                                                  /home/nubian/project2/lib_proj2.a(log.o)
__divmodsi4                                       /usr/lib/gcc/avr/4.9.2/avr5/libgcc.a(_divmodsi4.o)
                                                  /home/nubian/project2/lib_proj2.a(uart.o)
__do_clear_bss                                    /usr/lib/gcc/avr/4.9.2/avr5/libgcc.a(_clear_bss.o)
                                                  /home/nubian/project2/lib_proj2.a(serial.o)
                                                  /home/nubian/project2/lib_proj2.a(delay.o)
                                                  /home/nubian/project2/lib_proj2.a(timer1.o)
                                                  /home/nubian/project2/lib_proj2.a(rtc.o)
                                                  /home/nubian/project2/lib_proj2.a(log.o)
                                                  /home/nubian/project2/lib_proj2.a(led.o)
                                                  obj/Release/vpd.o
                                                  obj/Release/eeprom.o
                                                  obj/Release/config.o
__do_copy_data                                    /usr/lib/gcc/avr/4.9.2/avr5/libgcc.a(_copy_data.o)
                                                  /home/nubian/project2/lib_proj2.a(util_part.o)
                                                  /home/nubian/project2/lib_proj2.a(rtc.o)
                                                  obj/Release/vpd.o
                                                  obj/Release/main.o
                                                  obj/Release/config.o
__fuse                                            obj/Release/fuse.o
__heap_end                                        /usr/lib/gcc/avr/4.9.2/../../../avr/lib/avr5/crtatmega328p.o
__init                                            /usr/lib/gcc/avr/4.9.2/../../../avr/lib/avr5/crtatmega328p.o
__mulsi3                                          /usr/lib/gcc/avr/4.9.2/avr5/libgcc.a(_mulsi3.o)
                                                  /home/nubian/project2/lib_proj2.a(rtc.o)
__muluhisi3                                       /usr/lib/gcc/avr/4.9.2/avr5/libgcc.a(_muluhisi3.o)
                                                  /usr/lib/gcc/avr/4.9.2/avr5/libgcc.a(_mulsi3.o)
                                                  /home/nubian/project2/lib_proj2.a(uart.o)
                                                  /home/nubian/project2/lib_proj2.a(rtc.o)
__negsi2                                          /usr/lib/gcc/avr/4.9.2/avr5/libgcc.a(_negsi2.o)
                                                  /usr/lib/gcc/avr/4.9.2/avr5/libgcc.a(_divmodsi4.o)
__stack                                           /usr/lib/gcc/avr/4.9.2/../../../avr/lib/avr5/crtatmega328p.o
__udivmodhi4                                      /usr/lib/gcc/avr/4.9.2/avr5/libgcc.a(_udivmodhi4.o)
                                                  /usr/lib/gcc/avr/4.9.2/avr5/libgcc.a(_divmodhi4.o)
                                                  /home/nubian/project2/lib_proj2.a(str.o)
                                                  /home/nubian/project2/lib_proj2.a(rtc.o)
__udivmodsi4                                      /usr/lib/gcc/avr/4.9.2/avr5/libgcc.a(_udivmodsi4.o)
                                                  /usr/lib/gcc/avr/4.9.2/avr5/libgcc.a(_divmodsi4.o)
                                                  /home/nubian/project2/lib_proj2.a(rtc.o)
__umulhisi3                                       /usr/lib/gcc/avr/4.9.2/avr5/libgcc.a(_umulhisi3.o)
                                                  /usr/lib/gcc/avr/4.9.2/avr5/libgcc.a(_muluhisi3.o)
                                                  /home/nubian/project2/lib_proj2.a(rtc.o)
__vector_1                                        /usr/lib/gcc/avr/4.9.2/../../../avr/lib/avr5/crtatmega328p.o
__vector_10                                       /usr/lib/gcc/avr/4.9.2/../../../avr/lib/avr5/crtatmega328p.o
__vector_11                                       /home/nubian/project2/lib_proj2.a(timer1.o)
                                                  /usr/lib/gcc/avr/4.9.2/../../../avr/lib/avr5/crtatmega328p.o
__vector_12                                       /usr/lib/gcc/avr/4.9.2/../../../avr/lib/avr5/crtatmega328p.o
__vector_13                                       /usr/lib/gcc/avr/4.9.2/../../../avr/lib/avr5/crtatmega328p.o
__vector_14                                       /home/nubian/project2/lib_proj2.a(delay.o)
                                                  /usr/lib/gcc/avr/4.9.2/../../../avr/lib/avr5/crtatmega328p.o
__vector_15                                       /usr/lib/gcc/avr/4.9.2/../../../avr/lib/avr5/crtatmega328p.o
__vector_16                                       /usr/lib/gcc/avr/4.9.2/../../../avr/lib/avr5/crtatmega328p.o
__vector_17                                       /usr/lib/gcc/avr/4.9.2/../../../avr/lib/avr5/crtatmega328p.o
__vector_18                                       /home/nubian/project2/lib_proj2.a(serial.o)
                                                  /usr/lib/gcc/avr/4.9.2/../../../avr/lib/avr5/crtatmega328p.o
__vector_19                                       /home/nubian/project2/lib_proj2.a(serial.o)
                                                  /usr/lib/gcc/avr/4.9.2/../../../avr/lib/avr5/crtatmega328p.o
__vector_2                                        /usr/lib/gcc/avr/4.9.2/../../../avr/lib/avr5/crtatmega328p.o
__vector_20                                       /usr/lib/gcc/avr/4.9.2/../../../avr/lib/avr5/crtatmega328p.o
__vector_21                                       /usr/lib/gcc/avr/4.9.2/../../../avr/lib/avr5/crtatmega328p.o
__vector_22                                       obj/Release/eeprom.o
                                                  /usr/lib/gcc/avr/4.9.2/../../../avr/lib/avr5/crtatmega328p.o
__vector_23                                       /usr/lib/gcc/avr/4.9.2/../../../avr/lib/avr5/crtatmega328p.o
__vector_24                                       /usr/lib/gcc/avr/4.9.2/../../../avr/lib/avr5/crtatmega328p.o
__vector_25                                       /usr/lib/gcc/avr/4.9.2/../../../avr/lib/avr5/crtatmega328p.o
__vector_3                                        /usr/lib/gcc/avr/4.9.2/../../../avr/lib/avr5/crtatmega328p.o
__vector_4                                        /usr/lib/gcc/avr/4.9.2/../../../avr/lib/avr5/crtatmega328p.o
__vector_5                                        /usr/lib/gcc/avr/4.9.2/../../../avr/lib/avr5/crtatmega328p.o
__vector_6                                        /usr/lib/gcc/avr/4.9.2/../../../avr/lib/avr5/crtatmega328p.o
__vector_7                                        /usr/lib/gcc/avr/4.9.2/../../../avr/lib/avr5/crtatmega328p.o
__vector_8                                        /usr/lib/gcc/avr/4.9.2/../../../avr/lib/avr5/crtatmega328p.o
__vector_9                                        /usr/lib/gcc/avr/4.9.2/../../../avr/lib/avr5/crtatmega328p.o
__vector_default                                  /usr/lib/gcc/avr/4.9.2/../../../avr/lib/avr5/crtatmega328p.o
__vectors                                         /usr/lib/gcc/avr/4.9.2/../../../avr/lib/avr5/crtatmega328p.o
_div                                              /usr/lib/gcc/avr/4.9.2/avr5/libgcc.a(_divmodhi4.o)
_exit                                             /usr/lib/gcc/avr/4.9.2/avr5/libgcc.a(_exit.o)
config                                            obj/Release/config.o
                                                  obj/Release/main.o
config_init                                       obj/Release/config.o
                                                  obj/Release/main.o
config_is_data_valid                              obj/Release/config.o
config_set_modified                               obj/Release/config.o
config_update                                     obj/Release/config.o
                                                  obj/Release/main.o
config_write_defaults                             obj/Release/config.o
delay_get                                         /home/nubian/project2/lib_proj2.a(delay.o)
delay_init                                        /home/nubian/project2/lib_proj2.a(delay.o)
delay_isdone                                      /home/nubian/project2/lib_proj2.a(delay.o)
                                                  /home/nubian/project2/lib_proj2.a(led.o)
delay_set                                         /home/nubian/project2/lib_proj2.a(delay.o)
                                                  /home/nubian/project2/lib_proj2.a(led.o)
dump_eeprom                                       /home/nubian/project2/lib_proj2.a(util_part.o)
                                                  obj/Release/main.o
eeprom_isbusy                                     obj/Release/eeprom.o
                                                  /home/nubian/project2/lib_proj2.a(log.o)
                                                  obj/Release/vpd.o
                                                  obj/Release/main.o
                                                  obj/Release/config.o
eeprom_readbuf                                    obj/Release/eeprom.o
                                                  /home/nubian/project2/lib_proj2.a(util_part.o)
                                                  /home/nubian/project2/lib_proj2.a(log.o)
                                                  obj/Release/vpd.o
                                                  obj/Release/config.o
eeprom_writebuf                                   obj/Release/eeprom.o
                                                  /home/nubian/project2/lib_proj2.a(log.o)
                                                  obj/Release/vpd.o
                                                  obj/Release/config.o
exit                                              /usr/lib/gcc/avr/4.9.2/avr5/libgcc.a(_exit.o)
                                                  /usr/lib/gcc/avr/4.9.2/../../../avr/lib/avr5/crtatmega328p.o
get_month                                         /home/nubian/project2/lib_proj2.a(rtc.o)
is_checksum_valid                                 obj/Release/util.o
                                                  obj/Release/vpd.o
                                                  obj/Release/config.o
is_leapyear                                       /home/nubian/project2/lib_proj2.a(rtc.o)
led_init                                          /home/nubian/project2/lib_proj2.a(led_part.o)
                                                  obj/Release/main.o
led_is_on                                         /home/nubian/project2/lib_proj2.a(led_part.o)
led_off                                           /home/nubian/project2/lib_proj2.a(led_part.o)
                                                  /home/nubian/project2/lib_proj2.a(led.o)
led_on                                            /home/nubian/project2/lib_proj2.a(led_part.o)
                                                  /home/nubian/project2/lib_proj2.a(led.o)
led_set_blink                                     /home/nubian/project2/lib_proj2.a(led.o)
                                                  obj/Release/main.o
led_update                                        /home/nubian/project2/lib_proj2.a(led.o)
                                                  obj/Release/main.o
log_add_record                                    /home/nubian/project2/lib_proj2.a(log.o)
                                                  obj/Release/main.o
log_clear                                         /home/nubian/project2/lib_proj2.a(log.o)
                                                  obj/Release/main.o
log_get_num_entries                               /home/nubian/project2/lib_proj2.a(log.o)
log_get_record                                    /home/nubian/project2/lib_proj2.a(log.o)
log_init                                          /home/nubian/project2/lib_proj2.a(log.o)
                                                  obj/Release/main.o
log_is_data_valid                                 /home/nubian/project2/lib_proj2.a(log.o)
log_update                                        /home/nubian/project2/lib_proj2.a(log.o)
                                                  obj/Release/main.o
main                                              obj/Release/main.o
                                                  /usr/lib/gcc/avr/4.9.2/../../../avr/lib/avr5/crtatmega328p.o
rtc_base                                          /home/nubian/project2/lib_proj2.a(rtc.o)
rtc_get_date                                      /home/nubian/project2/lib_proj2.a(rtc.o)
                                                  /home/nubian/project2/lib_proj2.a(log.o)
rtc_get_date_string                               /home/nubian/project2/lib_proj2.a(rtc.o)
rtc_init                                          /home/nubian/project2/lib_proj2.a(rtc.o)
                                                  obj/Release/main.o
rtc_num2datestr                                   /home/nubian/project2/lib_proj2.a(rtc.o)
rtc_set_by_datestr                                /home/nubian/project2/lib_proj2.a(rtc.o)
                                                  obj/Release/main.o
rxbuf                                             /home/nubian/project2/lib_proj2.a(serial.o)
rxhead                                            /home/nubian/project2/lib_proj2.a(serial.o)
rxtail                                            /home/nubian/project2/lib_proj2.a(serial.o)
serial_init                                       /home/nubian/project2/lib_proj2.a(serial.o)
                                                  /home/nubian/project2/lib_proj2.a(uart.o)
serial_popchar                                    /home/nubian/project2/lib_proj2.a(serial.o)
serial_rxchars                                    /home/nubian/project2/lib_proj2.a(serial.o)
serial_writechar                                  /home/nubian/project2/lib_proj2.a(serial.o)
                                                  /home/nubian/project2/lib_proj2.a(uart.o)
serial_writestr                                   /home/nubian/project2/lib_proj2.a(serial.o)
serial_writestr_P                                 /home/nubian/project2/lib_proj2.a(serial.o)
str_cpy                                           /home/nubian/project2/lib_proj2.a(str.o)
                                                  /home/nubian/project2/lib_proj2.a(rtc.o)
str_writeudec16                                   /home/nubian/project2/lib_proj2.a(str.o)
                                                  /home/nubian/project2/lib_proj2.a(rtc.o)
timer1_clear                                      /home/nubian/project2/lib_proj2.a(timer1.o)
                                                  /home/nubian/project2/lib_proj2.a(rtc.o)
timer1_get                                        /home/nubian/project2/lib_proj2.a(timer1.o)
                                                  /home/nubian/project2/lib_proj2.a(rtc.o)
timer1_init                                       /home/nubian/project2/lib_proj2.a(timer1.o)
                                                  /home/nubian/project2/lib_proj2.a(rtc.o)
txbuf                                             /home/nubian/project2/lib_proj2.a(serial.o)
txhead                                            /home/nubian/project2/lib_proj2.a(serial.o)
txtail                                            /home/nubian/project2/lib_proj2.a(serial.o)
uart_init                                         /home/nubian/project2/lib_proj2.a(uart.o)
                                                  obj/Release/main.o
uart_writechar                                    /home/nubian/project2/lib_proj2.a(uart.o)
                                                  /home/nubian/project2/lib_proj2.a(util_part.o)
uart_writedec32                                   /home/nubian/project2/lib_proj2.a(uart.o)
uart_writehex16                                   /home/nubian/project2/lib_proj2.a(uart.o)
uart_writehex8                                    /home/nubian/project2/lib_proj2.a(uart.o)
                                                  /home/nubian/project2/lib_proj2.a(util_part.o)
uart_writestr                                     /home/nubian/project2/lib_proj2.a(uart.o)
                                                  /home/nubian/project2/lib_proj2.a(util_part.o)
                                                  obj/Release/vpd.o
                                                  obj/Release/main.o
update_checksum                                   obj/Release/util.o
                                                  /home/nubian/project2/lib_proj2.a(log.o)
                                                  obj/Release/vpd.o
                                                  obj/Release/config.o
vpd                                               obj/Release/vpd.o
                                                  obj/Release/main.o
vpd_init                                          obj/Release/vpd.o
                                                  obj/Release/main.o
vpd_is_data_valid                                 obj/Release/vpd.o
vpd_write_defaults                                obj/Release/vpd.o
