Archive member included to satisfy reference by file (symbol)

/home/nubian/project3_test/lib_proj3.a(alarm.o)
                              obj/Release/main.o (alarm_init)
/home/nubian/project3_test/lib_proj3.a(config.o)
                              obj/Release/main.o (config_init)
/home/nubian/project3_test/lib_proj3.a(delay.o)
                              obj/Release/main.o (delay_isdone)
/home/nubian/project3_test/lib_proj3.a(eeprom.o)
                              /home/nubian/project3_test/lib_proj3.a(config.o) (eeprom_writebuf)
/home/nubian/project3_test/lib_proj3.a(led.o)
                              obj/Release/tempfsm.o (led_set_blink)
/home/nubian/project3_test/lib_proj3.a(led_part.o)
                              obj/Release/main.o (led_init)
/home/nubian/project3_test/lib_proj3.a(log.o)
                              obj/Release/main.o (log_init)
/home/nubian/project3_test/lib_proj3.a(rtc.o)
                              obj/Release/main.o (rtc_init)
/home/nubian/project3_test/lib_proj3.a(str.o)
                              /home/nubian/project3_test/lib_proj3.a(rtc.o) (str_cpy)
/home/nubian/project3_test/lib_proj3.a(temp.o)
                              obj/Release/main.o (temp_init)
/home/nubian/project3_test/lib_proj3.a(timer1.o)
                              /home/nubian/project3_test/lib_proj3.a(rtc.o) (timer1_init)
/home/nubian/project3_test/lib_proj3.a(uart.o)
                              obj/Release/main.o (uart_init)
/home/nubian/project3_test/lib_proj3.a(util_part.o)
                              /home/nubian/project3_test/lib_proj3.a(config.o) (update_checksum)
/home/nubian/project3_test/lib_proj3.a(vpd.o)
                              obj/Release/main.o (vpd_init)
/home/nubian/project3_test/lib_proj3.a(serial.o)
                              /home/nubian/project3_test/lib_proj3.a(uart.o) (serial_init)
/usr/lib/gcc/avr/4.9.2/avr5/libgcc.a(_mulsi3.o)
                              /home/nubian/project3_test/lib_proj3.a(rtc.o) (__mulsi3)
/usr/lib/gcc/avr/4.9.2/avr5/libgcc.a(_udivmodhi4.o)
                              /home/nubian/project3_test/lib_proj3.a(rtc.o) (__udivmodhi4)
/usr/lib/gcc/avr/4.9.2/avr5/libgcc.a(_divmodhi4.o)
                              /home/nubian/project3_test/lib_proj3.a(log.o) (__divmodhi4)
/usr/lib/gcc/avr/4.9.2/avr5/libgcc.a(_udivmodsi4.o)
                              /home/nubian/project3_test/lib_proj3.a(rtc.o) (__udivmodsi4)
/usr/lib/gcc/avr/4.9.2/avr5/libgcc.a(_divmodsi4.o)
                              /home/nubian/project3_test/lib_proj3.a(temp.o) (__divmodsi4)
/usr/lib/gcc/avr/4.9.2/avr5/libgcc.a(_negsi2.o)
                              /usr/lib/gcc/avr/4.9.2/avr5/libgcc.a(_divmodsi4.o) (__negsi2)
/usr/lib/gcc/avr/4.9.2/avr5/libgcc.a(_exit.o)
                              /usr/lib/gcc/avr/4.9.2/../../../avr/lib/avr5/crtatmega328p.o (exit)
/usr/lib/gcc/avr/4.9.2/avr5/libgcc.a(_copy_data.o)
                              obj/Release/main.o (__do_copy_data)
/usr/lib/gcc/avr/4.9.2/avr5/libgcc.a(_clear_bss.o)
                              obj/Release/main.o (__do_clear_bss)
/usr/lib/gcc/avr/4.9.2/avr5/libgcc.a(_umulhisi3.o)
                              /home/nubian/project3_test/lib_proj3.a(rtc.o) (__umulhisi3)
/usr/lib/gcc/avr/4.9.2/avr5/libgcc.a(_muluhisi3.o)
                              /home/nubian/project3_test/lib_proj3.a(rtc.o) (__muluhisi3)

Allocating common symbols
Common symbol       size              file

rxbuf               0x40              /home/nubian/project3_test/lib_proj3.a(serial.o)
write_busy          0x1               /home/nubian/project3_test/lib_proj3.a(eeprom.o)
vpd                 0x37              obj/Release/main.o
writeaddr           0x2               /home/nubian/project3_test/lib_proj3.a(eeprom.o)
rtc_base            0x4               /home/nubian/project3_test/lib_proj3.a(rtc.o)
writesize           0x1               /home/nubian/project3_test/lib_proj3.a(eeprom.o)
writebuf            0x40              /home/nubian/project3_test/lib_proj3.a(eeprom.o)
txbuf               0x40              /home/nubian/project3_test/lib_proj3.a(serial.o)
bufidx              0x1               /home/nubian/project3_test/lib_proj3.a(eeprom.o)
config              0x12              obj/Release/main.o

Memory Configuration

Name             Origin             Length             Attributes
text             0x0000000000000000 0x0000000000020000 xr
data             0x0000000000800060 0x000000000000ffa0 rw !x
eeprom           0x0000000000810000 0x0000000000010000 rw !x
fuse             0x0000000000820000 0x0000000000000400 rw !x
lock             0x0000000000830000 0x0000000000000400 rw !x
signature        0x0000000000840000 0x0000000000000400 rw !x
user_signatures  0x0000000000850000 0x0000000000000400 rw !x
*default*        0x0000000000000000 0xffffffffffffffff

Linker script and memory map

Address of section .data set to 0x800100
LOAD /usr/lib/gcc/avr/4.9.2/../../../avr/lib/avr5/crtatmega328p.o
LOAD obj/Release/fuse.o
LOAD obj/Release/main.o
LOAD obj/Release/tempfsm.o
LOAD obj/Release/util.o
LOAD obj/Release/wdt.o
LOAD /home/nubian/project3_test/lib_proj3.a
LOAD /usr/lib/gcc/avr/4.9.2/avr5/libgcc.a
LOAD /usr/lib/gcc/avr/4.9.2/../../../avr/lib/avr5/libm.a
START GROUP
LOAD /usr/lib/gcc/avr/4.9.2/avr5/libgcc.a
LOAD /usr/lib/gcc/avr/4.9.2/../../../avr/lib/avr5/libm.a
LOAD /usr/lib/gcc/avr/4.9.2/../../../avr/lib/avr5/libc.a
LOAD /usr/lib/gcc/avr/4.9.2/../../../avr/lib/avr5/libatmega328p.a
END GROUP

.hash
 *(.hash)

.dynsym
 *(.dynsym)

.dynstr
 *(.dynstr)

.gnu.version
 *(.gnu.version)

.gnu.version_d
 *(.gnu.version_d)

.gnu.version_r
 *(.gnu.version_r)

.rel.init
 *(.rel.init)

.rela.init
 *(.rela.init)

.rel.text
 *(.rel.text)
 *(.rel.text.*)
 *(.rel.gnu.linkonce.t*)

.rela.text
 *(.rela.text)
 *(.rela.text.*)
 *(.rela.gnu.linkonce.t*)

.rel.fini
 *(.rel.fini)

.rela.fini
 *(.rela.fini)

.rel.rodata
 *(.rel.rodata)
 *(.rel.rodata.*)
 *(.rel.gnu.linkonce.r*)

.rela.rodata
 *(.rela.rodata)
 *(.rela.rodata.*)
 *(.rela.gnu.linkonce.r*)

.rel.data
 *(.rel.data)
 *(.rel.data.*)
 *(.rel.gnu.linkonce.d*)

.rela.data
 *(.rela.data)
 *(.rela.data.*)
 *(.rela.gnu.linkonce.d*)

.rel.ctors
 *(.rel.ctors)

.rela.ctors
 *(.rela.ctors)

.rel.dtors
 *(.rel.dtors)

.rela.dtors
 *(.rela.dtors)

.rel.got
 *(.rel.got)

.rela.got
 *(.rela.got)

.rel.bss
 *(.rel.bss)

.rela.bss
 *(.rela.bss)

.rel.plt
 *(.rel.plt)

.rela.plt
 *(.rela.plt)

.text           0x0000000000000000     0x2f72
 *(.vectors)
 .vectors       0x0000000000000000       0x68 /usr/lib/gcc/avr/4.9.2/../../../avr/lib/avr5/crtatmega328p.o
                0x0000000000000000                __vectors
                0x0000000000000000                __vector_default
 *(.vectors)
 *(.progmem.gcc*)
                0x0000000000000068                . = ALIGN (0x2)
                0x0000000000000068                __trampolines_start = .
 *(.trampolines)
 .trampolines   0x0000000000000068        0x0 linker stubs
 *(.trampolines*)
                0x0000000000000068                __trampolines_end = .
 *(.progmem*)
                0x0000000000000068                . = ALIGN (0x2)
 *(.jumptables)
 *(.jumptables*)
 *(.lowtext)
 *(.lowtext*)
                0x0000000000000068                __ctors_start = .
 *(.ctors)
                0x0000000000000068                __ctors_end = .
                0x0000000000000068                __dtors_start = .
 *(.dtors)
                0x0000000000000068                __dtors_end = .
 SORT(*)(.ctors)
 SORT(*)(.dtors)
 *(.init0)
 .init0         0x0000000000000068        0x0 /usr/lib/gcc/avr/4.9.2/../../../avr/lib/avr5/crtatmega328p.o
                0x0000000000000068                __init
 *(.init0)
 *(.init1)
 *(.init1)
 *(.init2)
 .init2         0x0000000000000068        0xc /usr/lib/gcc/avr/4.9.2/../../../avr/lib/avr5/crtatmega328p.o
 *(.init2)
 *(.init3)
 *(.init3)
 *(.init4)
 .init4         0x0000000000000074       0x16 /usr/lib/gcc/avr/4.9.2/avr5/libgcc.a(_copy_data.o)
                0x0000000000000074                __do_copy_data
 .init4         0x000000000000008a       0x10 /usr/lib/gcc/avr/4.9.2/avr5/libgcc.a(_clear_bss.o)
                0x000000000000008a                __do_clear_bss
 *(.init4)
 *(.init5)
 *(.init5)
 *(.init6)
 *(.init6)
 *(.init7)
 *(.init7)
 *(.init8)
 *(.init8)
 *(.init9)
 .init9         0x000000000000009a        0x8 /usr/lib/gcc/avr/4.9.2/../../../avr/lib/avr5/crtatmega328p.o
 *(.init9)
 *(.text)
 .text          0x00000000000000a2        0x4 /usr/lib/gcc/avr/4.9.2/../../../avr/lib/avr5/crtatmega328p.o
                0x00000000000000a2                __vector_1
                0x00000000000000a2                __vector_24
                0x00000000000000a2                __vector_12
                0x00000000000000a2                __bad_interrupt
                0x00000000000000a2                __vector_3
                0x00000000000000a2                __vector_23
                0x00000000000000a2                __vector_25
                0x00000000000000a2                __vector_13
                0x00000000000000a2                __vector_17
                0x00000000000000a2                __vector_7
                0x00000000000000a2                __vector_5
                0x00000000000000a2                __vector_4
                0x00000000000000a2                __vector_9
                0x00000000000000a2                __vector_2
                0x00000000000000a2                __vector_21
                0x00000000000000a2                __vector_15
                0x00000000000000a2                __vector_8
                0x00000000000000a2                __vector_10
                0x00000000000000a2                __vector_16
                0x00000000000000a2                __vector_20
 .text          0x00000000000000a6        0x0 obj/Release/fuse.o
 .text          0x00000000000000a6        0x0 obj/Release/main.o
 .text          0x00000000000000a6      0x15e obj/Release/tempfsm.o
                0x00000000000000a6                tempfsm_init
                0x00000000000000ae                tempfsm_reset
                0x00000000000000b8                tempfsm_update
 .text          0x0000000000000204      0x1bc obj/Release/util.o
                0x0000000000000204                update_tcrit_hi
                0x000000000000026c                update_tcrit_lo
                0x00000000000002d4                update_twarn_hi
                0x000000000000034a                update_twarn_lo
 .text          0x00000000000003c0       0x5c obj/Release/wdt.o
                0x00000000000003c0                wdt_init
                0x00000000000003da                wdt_reset
                0x00000000000003e6                wdt_force_restart
                0x00000000000003f2                __vector_6
 .text          0x000000000000041c       0x26 /home/nubian/project3_test/lib_proj3.a(alarm.o)
                0x000000000000041c                alarm_init
                0x000000000000041e                alarm_send
 .text          0x0000000000000442       0xee /home/nubian/project3_test/lib_proj3.a(config.o)
                0x0000000000000442                config_set_modified
                0x000000000000044a                config_is_data_valid
                0x0000000000000488                config_write_defaults
                0x00000000000004a2                config_init
                0x00000000000004d8                config_update
                0x0000000000000508                config_update_noisr
 .text          0x0000000000000530      0x1ba /home/nubian/project3_test/lib_proj3.a(delay.o)
                0x0000000000000530                __vector_14
                0x00000000000005ee                delay_init
                0x0000000000000612                delay_get
                0x0000000000000632                delay_isdone
                0x0000000000000664                delay_set
                0x00000000000006b8                millis
 .text          0x00000000000006ea      0x106 /home/nubian/project3_test/lib_proj3.a(eeprom.o)
                0x00000000000006ea                __vector_22
                0x0000000000000756                eeprom_writebuf
                0x0000000000000790                eeprom_writebuf_noisr
                0x00000000000007be                eeprom_readbuf
                0x00000000000007e8                eeprom_isbusy
 .text          0x00000000000007f0       0xd8 /home/nubian/project3_test/lib_proj3.a(led.o)
                0x00000000000007f0                led_set_blink
                0x0000000000000814                led_update
 .text          0x00000000000008c8       0x18 /home/nubian/project3_test/lib_proj3.a(led_part.o)
                0x00000000000008c8                led_init
                0x00000000000008ce                led_on
                0x00000000000008d2                led_off
                0x00000000000008d6                led_is_on
 .text          0x00000000000008e0      0x446 /home/nubian/project3_test/lib_proj3.a(log.o)
                0x00000000000008e0                log_is_data_valid
                0x000000000000092c                log_init
                0x0000000000000ac2                log_update
                0x0000000000000b2c                log_update_noisr
                0x0000000000000b8e                log_add_record
                0x0000000000000c32                log_clear
                0x0000000000000c6c                log_get_num_entries
                0x0000000000000c9e                log_get_record
 .text          0x0000000000000d26      0x5ec /home/nubian/project3_test/lib_proj3.a(rtc.o)
                0x0000000000000d26                rtc_init
                0x0000000000000d2a                rtc_get_date
                0x0000000000000d50                is_leapyear
                0x0000000000000d84                rtc_set_by_datestr
                0x000000000000104a                get_month
                0x00000000000010da                rtc_num2datestr
                0x00000000000012ea                rtc_get_date_string
 .text          0x0000000000001312      0x126 /home/nubian/project3_test/lib_proj3.a(str.o)
                0x0000000000001312                mem_cpy
                0x000000000000132a                mem_set
                0x000000000000133e                str_cpy
                0x0000000000001352                str_len
                0x0000000000001364                str_writeudec16
 .text          0x0000000000001438       0x76 /home/nubian/project3_test/lib_proj3.a(temp.o)
                0x0000000000001438                temp_init
                0x0000000000001446                temp_is_data_ready
                0x000000000000145c                temp_start
                0x0000000000001468                temp_get
 .text          0x00000000000014ae       0x9a /home/nubian/project3_test/lib_proj3.a(timer1.o)
                0x00000000000014ae                __vector_11
                0x00000000000014f8                timer1_init
                0x0000000000001518                timer1_get
                0x0000000000001530                timer1_clear
 .text          0x0000000000001548      0x1fe /home/nubian/project3_test/lib_proj3.a(uart.o)
                0x0000000000001548                uart_init
                0x0000000000001550                uart_writechar
                0x0000000000001554                uart_writestr
                0x000000000000156c                uart_writehex8
                0x000000000000159e                uart_writehex16
                0x00000000000015b0                uart_writedec32
                0x00000000000016de                uart_is_connected
                0x00000000000016e2                uart_is_packet_available
                0x00000000000016e6                uart_readpacket
 .text          0x0000000000001746     0x1142 /home/nubian/project3_test/lib_proj3.a(util_part.o)
                0x0000000000001aa2                dump_eeprom
                0x0000000000001c42                write_log_entry
                0x0000000000001d3a                str_cmp
                0x0000000000001d70                update_checksum
                0x0000000000001d98                random_seed
                0x0000000000001dce                random
                0x0000000000001ed0                strtoi
                0x0000000000001f4e                parse_and_send_response
 .text          0x0000000000002888       0x8a /home/nubian/project3_test/lib_proj3.a(vpd.o)
                0x0000000000002888                vpd_is_data_valid
                0x00000000000028c6                vpd_write_defaults
                0x00000000000028e0                vpd_init
 .text          0x0000000000002912      0x43c /home/nubian/project3_test/lib_proj3.a(serial.o)
                0x0000000000002912                serial_init
                0x0000000000002938                __vector_18
                0x0000000000002b88                __vector_19
                0x0000000000002bee                serial_rxchars
                0x0000000000002bfc                serial_popchar
                0x0000000000002c46                serial_isconnected
                0x0000000000002c94                serial_is_packet_ready
                0x0000000000002c9a                serial_writechar
                0x0000000000002cfa                serial_writestr
                0x0000000000002d24                serial_writestr_P
 .text          0x0000000000002d4e        0x0 /usr/lib/gcc/avr/4.9.2/avr5/libgcc.a(_mulsi3.o)
 .text          0x0000000000002d4e        0x0 /usr/lib/gcc/avr/4.9.2/avr5/libgcc.a(_udivmodhi4.o)
 .text          0x0000000000002d4e        0x0 /usr/lib/gcc/avr/4.9.2/avr5/libgcc.a(_divmodhi4.o)
 .text          0x0000000000002d4e        0x0 /usr/lib/gcc/avr/4.9.2/avr5/libgcc.a(_udivmodsi4.o)
 .text          0x0000000000002d4e        0x0 /usr/lib/gcc/avr/4.9.2/avr5/libgcc.a(_divmodsi4.o)
 .text          0x0000000000002d4e        0x0 /usr/lib/gcc/avr/4.9.2/avr5/libgcc.a(_negsi2.o)
 .text          0x0000000000002d4e        0x0 /usr/lib/gcc/avr/4.9.2/avr5/libgcc.a(_exit.o)
 .text          0x0000000000002d4e        0x0 /usr/lib/gcc/avr/4.9.2/avr5/libgcc.a(_copy_data.o)
 .text          0x0000000000002d4e        0x0 /usr/lib/gcc/avr/4.9.2/avr5/libgcc.a(_clear_bss.o)
 .text          0x0000000000002d4e        0x0 /usr/lib/gcc/avr/4.9.2/avr5/libgcc.a(_umulhisi3.o)
 .text          0x0000000000002d4e        0x0 /usr/lib/gcc/avr/4.9.2/avr5/libgcc.a(_muluhisi3.o)
                0x0000000000002d4e                . = ALIGN (0x2)
 *(.text.*)
 .text.startup  0x0000000000002d4e       0xfa obj/Release/main.o
                0x0000000000002d4e                main
 .text.libgcc.mul
                0x0000000000002e48       0x20 /usr/lib/gcc/avr/4.9.2/avr5/libgcc.a(_mulsi3.o)
                0x0000000000002e48                __mulsi3
 .text.libgcc.div
                0x0000000000002e68        0x0 /usr/lib/gcc/avr/4.9.2/avr5/libgcc.a(_mulsi3.o)
 .text.libgcc   0x0000000000002e68        0x0 /usr/lib/gcc/avr/4.9.2/avr5/libgcc.a(_mulsi3.o)
 .text.libgcc.prologue
                0x0000000000002e68        0x0 /usr/lib/gcc/avr/4.9.2/avr5/libgcc.a(_mulsi3.o)
 .text.libgcc.builtins
                0x0000000000002e68        0x0 /usr/lib/gcc/avr/4.9.2/avr5/libgcc.a(_mulsi3.o)
 .text.libgcc.fmul
                0x0000000000002e68        0x0 /usr/lib/gcc/avr/4.9.2/avr5/libgcc.a(_mulsi3.o)
 .text.libgcc.fixed
                0x0000000000002e68        0x0 /usr/lib/gcc/avr/4.9.2/avr5/libgcc.a(_mulsi3.o)
 .text.libgcc.mul
                0x0000000000002e68        0x0 /usr/lib/gcc/avr/4.9.2/avr5/libgcc.a(_udivmodhi4.o)
 .text.libgcc.div
                0x0000000000002e68       0x28 /usr/lib/gcc/avr/4.9.2/avr5/libgcc.a(_udivmodhi4.o)
                0x0000000000002e68                __udivmodhi4
 .text.libgcc   0x0000000000002e90        0x0 /usr/lib/gcc/avr/4.9.2/avr5/libgcc.a(_udivmodhi4.o)
 .text.libgcc.prologue
                0x0000000000002e90        0x0 /usr/lib/gcc/avr/4.9.2/avr5/libgcc.a(_udivmodhi4.o)
 .text.libgcc.builtins
                0x0000000000002e90        0x0 /usr/lib/gcc/avr/4.9.2/avr5/libgcc.a(_udivmodhi4.o)
 .text.libgcc.fmul
                0x0000000000002e90        0x0 /usr/lib/gcc/avr/4.9.2/avr5/libgcc.a(_udivmodhi4.o)
 .text.libgcc.fixed
                0x0000000000002e90        0x0 /usr/lib/gcc/avr/4.9.2/avr5/libgcc.a(_udivmodhi4.o)
 .text.libgcc.mul
                0x0000000000002e90        0x0 /usr/lib/gcc/avr/4.9.2/avr5/libgcc.a(_divmodhi4.o)
 .text.libgcc.div
                0x0000000000002e90       0x28 /usr/lib/gcc/avr/4.9.2/avr5/libgcc.a(_divmodhi4.o)
                0x0000000000002e90                __divmodhi4
                0x0000000000002e90                _div
 .text.libgcc   0x0000000000002eb8        0x0 /usr/lib/gcc/avr/4.9.2/avr5/libgcc.a(_divmodhi4.o)
 .text.libgcc.prologue
                0x0000000000002eb8        0x0 /usr/lib/gcc/avr/4.9.2/avr5/libgcc.a(_divmodhi4.o)
 .text.libgcc.builtins
                0x0000000000002eb8        0x0 /usr/lib/gcc/avr/4.9.2/avr5/libgcc.a(_divmodhi4.o)
 .text.libgcc.fmul
                0x0000000000002eb8        0x0 /usr/lib/gcc/avr/4.9.2/avr5/libgcc.a(_divmodhi4.o)
 .text.libgcc.fixed
                0x0000000000002eb8        0x0 /usr/lib/gcc/avr/4.9.2/avr5/libgcc.a(_divmodhi4.o)
 .text.libgcc.mul
                0x0000000000002eb8        0x0 /usr/lib/gcc/avr/4.9.2/avr5/libgcc.a(_udivmodsi4.o)
 .text.libgcc.div
                0x0000000000002eb8       0x44 /usr/lib/gcc/avr/4.9.2/avr5/libgcc.a(_udivmodsi4.o)
                0x0000000000002eb8                __udivmodsi4
 .text.libgcc   0x0000000000002efc        0x0 /usr/lib/gcc/avr/4.9.2/avr5/libgcc.a(_udivmodsi4.o)
 .text.libgcc.prologue
                0x0000000000002efc        0x0 /usr/lib/gcc/avr/4.9.2/avr5/libgcc.a(_udivmodsi4.o)
 .text.libgcc.builtins
                0x0000000000002efc        0x0 /usr/lib/gcc/avr/4.9.2/avr5/libgcc.a(_udivmodsi4.o)
 .text.libgcc.fmul
                0x0000000000002efc        0x0 /usr/lib/gcc/avr/4.9.2/avr5/libgcc.a(_udivmodsi4.o)
 .text.libgcc.fixed
                0x0000000000002efc        0x0 /usr/lib/gcc/avr/4.9.2/avr5/libgcc.a(_udivmodsi4.o)
 .text.libgcc.mul
                0x0000000000002efc        0x0 /usr/lib/gcc/avr/4.9.2/avr5/libgcc.a(_divmodsi4.o)
 .text.libgcc.div
                0x0000000000002efc       0x2e /usr/lib/gcc/avr/4.9.2/avr5/libgcc.a(_divmodsi4.o)
                0x0000000000002efc                __divmodsi4
 .text.libgcc   0x0000000000002f2a        0x0 /usr/lib/gcc/avr/4.9.2/avr5/libgcc.a(_divmodsi4.o)
 .text.libgcc.prologue
                0x0000000000002f2a        0x0 /usr/lib/gcc/avr/4.9.2/avr5/libgcc.a(_divmodsi4.o)
 .text.libgcc.builtins
                0x0000000000002f2a        0x0 /usr/lib/gcc/avr/4.9.2/avr5/libgcc.a(_divmodsi4.o)
 .text.libgcc.fmul
                0x0000000000002f2a        0x0 /usr/lib/gcc/avr/4.9.2/avr5/libgcc.a(_divmodsi4.o)
 .text.libgcc.fixed
                0x0000000000002f2a        0x0 /usr/lib/gcc/avr/4.9.2/avr5/libgcc.a(_divmodsi4.o)
 .text.libgcc.mul
                0x0000000000002f2a        0x0 /usr/lib/gcc/avr/4.9.2/avr5/libgcc.a(_negsi2.o)
 .text.libgcc.div
                0x0000000000002f2a       0x10 /usr/lib/gcc/avr/4.9.2/avr5/libgcc.a(_negsi2.o)
                0x0000000000002f2a                __negsi2
 .text.libgcc   0x0000000000002f3a        0x0 /usr/lib/gcc/avr/4.9.2/avr5/libgcc.a(_negsi2.o)
 .text.libgcc.prologue
                0x0000000000002f3a        0x0 /usr/lib/gcc/avr/4.9.2/avr5/libgcc.a(_negsi2.o)
 .text.libgcc.builtins
                0x0000000000002f3a        0x0 /usr/lib/gcc/avr/4.9.2/avr5/libgcc.a(_negsi2.o)
 .text.libgcc.fmul
                0x0000000000002f3a        0x0 /usr/lib/gcc/avr/4.9.2/avr5/libgcc.a(_negsi2.o)
 .text.libgcc.fixed
                0x0000000000002f3a        0x0 /usr/lib/gcc/avr/4.9.2/avr5/libgcc.a(_negsi2.o)
 .text.libgcc.mul
                0x0000000000002f3a        0x0 /usr/lib/gcc/avr/4.9.2/avr5/libgcc.a(_exit.o)
 .text.libgcc.div
                0x0000000000002f3a        0x0 /usr/lib/gcc/avr/4.9.2/avr5/libgcc.a(_exit.o)
 .text.libgcc   0x0000000000002f3a        0x0 /usr/lib/gcc/avr/4.9.2/avr5/libgcc.a(_exit.o)
 .text.libgcc.prologue
                0x0000000000002f3a        0x0 /usr/lib/gcc/avr/4.9.2/avr5/libgcc.a(_exit.o)
 .text.libgcc.builtins
                0x0000000000002f3a        0x0 /usr/lib/gcc/avr/4.9.2/avr5/libgcc.a(_exit.o)
 .text.libgcc.fmul
                0x0000000000002f3a        0x0 /usr/lib/gcc/avr/4.9.2/avr5/libgcc.a(_exit.o)
 .text.libgcc.fixed
                0x0000000000002f3a        0x0 /usr/lib/gcc/avr/4.9.2/avr5/libgcc.a(_exit.o)
 .text.libgcc.mul
                0x0000000000002f3a        0x0 /usr/lib/gcc/avr/4.9.2/avr5/libgcc.a(_copy_data.o)
 .text.libgcc.div
                0x0000000000002f3a        0x0 /usr/lib/gcc/avr/4.9.2/avr5/libgcc.a(_copy_data.o)
 .text.libgcc   0x0000000000002f3a        0x0 /usr/lib/gcc/avr/4.9.2/avr5/libgcc.a(_copy_data.o)
 .text.libgcc.prologue
                0x0000000000002f3a        0x0 /usr/lib/gcc/avr/4.9.2/avr5/libgcc.a(_copy_data.o)
 .text.libgcc.builtins
                0x0000000000002f3a        0x0 /usr/lib/gcc/avr/4.9.2/avr5/libgcc.a(_copy_data.o)
 .text.libgcc.fmul
                0x0000000000002f3a        0x0 /usr/lib/gcc/avr/4.9.2/avr5/libgcc.a(_copy_data.o)
 .text.libgcc.fixed
                0x0000000000002f3a        0x0 /usr/lib/gcc/avr/4.9.2/avr5/libgcc.a(_copy_data.o)
 .text.libgcc.mul
                0x0000000000002f3a        0x0 /usr/lib/gcc/avr/4.9.2/avr5/libgcc.a(_clear_bss.o)
 .text.libgcc.div
                0x0000000000002f3a        0x0 /usr/lib/gcc/avr/4.9.2/avr5/libgcc.a(_clear_bss.o)
 .text.libgcc   0x0000000000002f3a        0x0 /usr/lib/gcc/avr/4.9.2/avr5/libgcc.a(_clear_bss.o)
 .text.libgcc.prologue
                0x0000000000002f3a        0x0 /usr/lib/gcc/avr/4.9.2/avr5/libgcc.a(_clear_bss.o)
 .text.libgcc.builtins
                0x0000000000002f3a        0x0 /usr/lib/gcc/avr/4.9.2/avr5/libgcc.a(_clear_bss.o)
 .text.libgcc.fmul
                0x0000000000002f3a        0x0 /usr/lib/gcc/avr/4.9.2/avr5/libgcc.a(_clear_bss.o)
 .text.libgcc.fixed
                0x0000000000002f3a        0x0 /usr/lib/gcc/avr/4.9.2/avr5/libgcc.a(_clear_bss.o)
 .text.libgcc.mul
                0x0000000000002f3a       0x1e /usr/lib/gcc/avr/4.9.2/avr5/libgcc.a(_umulhisi3.o)
                0x0000000000002f3a                __umulhisi3
 .text.libgcc.div
                0x0000000000002f58        0x0 /usr/lib/gcc/avr/4.9.2/avr5/libgcc.a(_umulhisi3.o)
 .text.libgcc   0x0000000000002f58        0x0 /usr/lib/gcc/avr/4.9.2/avr5/libgcc.a(_umulhisi3.o)
 .text.libgcc.prologue
                0x0000000000002f58        0x0 /usr/lib/gcc/avr/4.9.2/avr5/libgcc.a(_umulhisi3.o)
 .text.libgcc.builtins
                0x0000000000002f58        0x0 /usr/lib/gcc/avr/4.9.2/avr5/libgcc.a(_umulhisi3.o)
 .text.libgcc.fmul
                0x0000000000002f58        0x0 /usr/lib/gcc/avr/4.9.2/avr5/libgcc.a(_umulhisi3.o)
 .text.libgcc.fixed
                0x0000000000002f58        0x0 /usr/lib/gcc/avr/4.9.2/avr5/libgcc.a(_umulhisi3.o)
 .text.libgcc.mul
                0x0000000000002f58       0x16 /usr/lib/gcc/avr/4.9.2/avr5/libgcc.a(_muluhisi3.o)
                0x0000000000002f58                __muluhisi3
 .text.libgcc.div
                0x0000000000002f6e        0x0 /usr/lib/gcc/avr/4.9.2/avr5/libgcc.a(_muluhisi3.o)
 .text.libgcc   0x0000000000002f6e        0x0 /usr/lib/gcc/avr/4.9.2/avr5/libgcc.a(_muluhisi3.o)
 .text.libgcc.prologue
                0x0000000000002f6e        0x0 /usr/lib/gcc/avr/4.9.2/avr5/libgcc.a(_muluhisi3.o)
 .text.libgcc.builtins
                0x0000000000002f6e        0x0 /usr/lib/gcc/avr/4.9.2/avr5/libgcc.a(_muluhisi3.o)
 .text.libgcc.fmul
                0x0000000000002f6e        0x0 /usr/lib/gcc/avr/4.9.2/avr5/libgcc.a(_muluhisi3.o)
 .text.libgcc.fixed
                0x0000000000002f6e        0x0 /usr/lib/gcc/avr/4.9.2/avr5/libgcc.a(_muluhisi3.o)
                0x0000000000002f6e                . = ALIGN (0x2)
 *(.fini9)
 .fini9         0x0000000000002f6e        0x0 /usr/lib/gcc/avr/4.9.2/avr5/libgcc.a(_exit.o)
                0x0000000000002f6e                exit
                0x0000000000002f6e                _exit
 *(.fini9)
 *(.fini8)
 *(.fini8)
 *(.fini7)
 *(.fini7)
 *(.fini6)
 *(.fini6)
 *(.fini5)
 *(.fini5)
 *(.fini4)
 *(.fini4)
 *(.fini3)
 *(.fini3)
 *(.fini2)
 *(.fini2)
 *(.fini1)
 *(.fini1)
 *(.fini0)
 .fini0         0x0000000000002f6e        0x4 /usr/lib/gcc/avr/4.9.2/avr5/libgcc.a(_exit.o)
 *(.fini0)
                0x0000000000002f72                _etext = .

.data           0x0000000000800100      0x24a load address 0x0000000000002f72
                0x0000000000800100                PROVIDE (__data_start, .)
 *(.data)
 .data          0x0000000000800100        0x0 /usr/lib/gcc/avr/4.9.2/../../../avr/lib/avr5/crtatmega328p.o
 .data          0x0000000000800100        0x0 obj/Release/fuse.o
 .data          0x0000000000800100        0x0 obj/Release/main.o
 .data          0x0000000000800100        0x0 obj/Release/tempfsm.o
 .data          0x0000000000800100        0x0 obj/Release/util.o
 .data          0x0000000000800100        0x0 obj/Release/wdt.o
 .data          0x0000000000800100        0x0 /home/nubian/project3_test/lib_proj3.a(alarm.o)
 .data          0x0000000000800100       0x12 /home/nubian/project3_test/lib_proj3.a(config.o)
 .data          0x0000000000800112        0x0 /home/nubian/project3_test/lib_proj3.a(delay.o)
 .data          0x0000000000800112        0x0 /home/nubian/project3_test/lib_proj3.a(eeprom.o)
 .data          0x0000000000800112        0x0 /home/nubian/project3_test/lib_proj3.a(led.o)
 .data          0x0000000000800112        0x0 /home/nubian/project3_test/lib_proj3.a(led_part.o)
 .data          0x0000000000800112        0x0 /home/nubian/project3_test/lib_proj3.a(log.o)
 .data          0x0000000000800112       0x14 /home/nubian/project3_test/lib_proj3.a(rtc.o)
 .data          0x0000000000800126        0x0 /home/nubian/project3_test/lib_proj3.a(str.o)
 .data          0x0000000000800126        0x0 /home/nubian/project3_test/lib_proj3.a(temp.o)
 .data          0x0000000000800126        0x0 /home/nubian/project3_test/lib_proj3.a(timer1.o)
 .data          0x0000000000800126        0x0 /home/nubian/project3_test/lib_proj3.a(uart.o)
 .data          0x0000000000800126        0x8 /home/nubian/project3_test/lib_proj3.a(util_part.o)
 .data          0x000000000080012e       0x37 /home/nubian/project3_test/lib_proj3.a(vpd.o)
 .data          0x0000000000800165        0x0 /home/nubian/project3_test/lib_proj3.a(serial.o)
 .data          0x0000000000800165        0x0 /usr/lib/gcc/avr/4.9.2/avr5/libgcc.a(_mulsi3.o)
 .data          0x0000000000800165        0x0 /usr/lib/gcc/avr/4.9.2/avr5/libgcc.a(_udivmodhi4.o)
 .data          0x0000000000800165        0x0 /usr/lib/gcc/avr/4.9.2/avr5/libgcc.a(_divmodhi4.o)
 .data          0x0000000000800165        0x0 /usr/lib/gcc/avr/4.9.2/avr5/libgcc.a(_udivmodsi4.o)
 .data          0x0000000000800165        0x0 /usr/lib/gcc/avr/4.9.2/avr5/libgcc.a(_divmodsi4.o)
 .data          0x0000000000800165        0x0 /usr/lib/gcc/avr/4.9.2/avr5/libgcc.a(_negsi2.o)
 .data          0x0000000000800165        0x0 /usr/lib/gcc/avr/4.9.2/avr5/libgcc.a(_exit.o)
 .data          0x0000000000800165        0x0 /usr/lib/gcc/avr/4.9.2/avr5/libgcc.a(_copy_data.o)
 .data          0x0000000000800165        0x0 /usr/lib/gcc/avr/4.9.2/avr5/libgcc.a(_clear_bss.o)
 .data          0x0000000000800165        0x0 /usr/lib/gcc/avr/4.9.2/avr5/libgcc.a(_umulhisi3.o)
 .data          0x0000000000800165        0x0 /usr/lib/gcc/avr/4.9.2/avr5/libgcc.a(_muluhisi3.o)
 *(.data*)
 *(.rodata)
 .rodata        0x0000000000800165        0xc /home/nubian/project3_test/lib_proj3.a(rtc.o)
 *(.rodata*)
 .rodata.str1.1
                0x0000000000800171       0x5a obj/Release/main.o
                                         0x5d (size before relaxing)
 .rodata.str1.1
                0x00000000008001cb        0x4 obj/Release/tempfsm.o
                                          0x6 (size before relaxing)
 .rodata.str1.1
                0x00000000008001cf        0xa /home/nubian/project3_test/lib_proj3.a(alarm.o)
                                          0xd (size before relaxing)
 .rodata.str1.1
                0x00000000008001d9       0x14 /home/nubian/project3_test/lib_proj3.a(rtc.o)
 .rodata.str1.1
                0x00000000008001ed      0x15d /home/nubian/project3_test/lib_proj3.a(util_part.o)
                                        0x16c (size before relaxing)
 *(.gnu.linkonce.d*)
                0x000000000080034a                . = ALIGN (0x2)
                0x000000000080034a                _edata = .
                0x000000000080034a                PROVIDE (__data_end, .)

.bss            0x000000000080034a      0x205
                0x000000000080034a                PROVIDE (__bss_start, .)
 *(.bss)
 .bss           0x000000000080034a        0x0 /usr/lib/gcc/avr/4.9.2/../../../avr/lib/avr5/crtatmega328p.o
 .bss           0x000000000080034a        0x0 obj/Release/fuse.o
 .bss           0x000000000080034a        0x2 obj/Release/main.o
                0x000000000080034a                current_temperature
 .bss           0x000000000080034c        0x4 obj/Release/tempfsm.o
 .bss           0x0000000000800350        0x9 obj/Release/util.o
 .bss           0x0000000000800359        0x2 obj/Release/wdt.o
 .bss           0x000000000080035b        0x0 /home/nubian/project3_test/lib_proj3.a(alarm.o)
 .bss           0x000000000080035b        0x1 /home/nubian/project3_test/lib_proj3.a(config.o)
 .bss           0x000000000080035c        0xe /home/nubian/project3_test/lib_proj3.a(delay.o)
 .bss           0x000000000080036a        0x0 /home/nubian/project3_test/lib_proj3.a(eeprom.o)
 .bss           0x000000000080036a        0x5 /home/nubian/project3_test/lib_proj3.a(led.o)
 .bss           0x000000000080036f        0x0 /home/nubian/project3_test/lib_proj3.a(led_part.o)
 .bss           0x000000000080036f       0x83 /home/nubian/project3_test/lib_proj3.a(log.o)
 .bss           0x00000000008003f2        0x0 /home/nubian/project3_test/lib_proj3.a(rtc.o)
 .bss           0x00000000008003f2        0x0 /home/nubian/project3_test/lib_proj3.a(str.o)
 .bss           0x00000000008003f2        0x0 /home/nubian/project3_test/lib_proj3.a(temp.o)
 .bss           0x00000000008003f2        0x4 /home/nubian/project3_test/lib_proj3.a(timer1.o)
 .bss           0x00000000008003f6        0x0 /home/nubian/project3_test/lib_proj3.a(uart.o)
 .bss           0x00000000008003f6       0x40 /home/nubian/project3_test/lib_proj3.a(util_part.o)
 .bss           0x0000000000800436        0x0 /home/nubian/project3_test/lib_proj3.a(vpd.o)
 .bss           0x0000000000800436        0x7 /home/nubian/project3_test/lib_proj3.a(serial.o)
                0x0000000000800436                txtail
                0x0000000000800437                txhead
                0x0000000000800438                rxtail
                0x0000000000800439                rxhead
 .bss           0x000000000080043d        0x0 /usr/lib/gcc/avr/4.9.2/avr5/libgcc.a(_mulsi3.o)
 .bss           0x000000000080043d        0x0 /usr/lib/gcc/avr/4.9.2/avr5/libgcc.a(_udivmodhi4.o)
 .bss           0x000000000080043d        0x0 /usr/lib/gcc/avr/4.9.2/avr5/libgcc.a(_divmodhi4.o)
 .bss           0x000000000080043d        0x0 /usr/lib/gcc/avr/4.9.2/avr5/libgcc.a(_udivmodsi4.o)
 .bss           0x000000000080043d        0x0 /usr/lib/gcc/avr/4.9.2/avr5/libgcc.a(_divmodsi4.o)
 .bss           0x000000000080043d        0x0 /usr/lib/gcc/avr/4.9.2/avr5/libgcc.a(_negsi2.o)
 .bss           0x000000000080043d        0x0 /usr/lib/gcc/avr/4.9.2/avr5/libgcc.a(_exit.o)
 .bss           0x000000000080043d        0x0 /usr/lib/gcc/avr/4.9.2/avr5/libgcc.a(_copy_data.o)
 .bss           0x000000000080043d        0x0 /usr/lib/gcc/avr/4.9.2/avr5/libgcc.a(_clear_bss.o)
 .bss           0x000000000080043d        0x0 /usr/lib/gcc/avr/4.9.2/avr5/libgcc.a(_umulhisi3.o)
 .bss           0x000000000080043d        0x0 /usr/lib/gcc/avr/4.9.2/avr5/libgcc.a(_muluhisi3.o)
 *(.bss*)
 *(COMMON)
 COMMON         0x000000000080043d       0x49 obj/Release/main.o
                0x000000000080043d                vpd
                0x0000000000800474                config
 COMMON         0x0000000000800486       0x45 /home/nubian/project3_test/lib_proj3.a(eeprom.o)
                0x0000000000800486                write_busy
                0x0000000000800487                writeaddr
                0x0000000000800489                writesize
                0x000000000080048a                writebuf
                0x00000000008004ca                bufidx
 COMMON         0x00000000008004cb        0x4 /home/nubian/project3_test/lib_proj3.a(rtc.o)
                0x00000000008004cb                rtc_base
 COMMON         0x00000000008004cf       0x80 /home/nubian/project3_test/lib_proj3.a(serial.o)
                0x00000000008004cf                rxbuf
                0x000000000080050f                txbuf
                0x000000000080054f                PROVIDE (__bss_end, .)
                0x0000000000002f72                __data_load_start = LOADADDR (.data)
                0x00000000000031bc                __data_load_end = (__data_load_start + SIZEOF (.data))

.noinit         0x000000000080054f        0x0
                0x000000000080054f                PROVIDE (__noinit_start, .)
 *(.noinit*)
                0x000000000080054f                PROVIDE (__noinit_end, .)
                0x000000000080054f                _end = .
                0x000000000080054f                PROVIDE (__heap_start, .)

.eeprom         0x0000000000810000        0x0
 *(.eeprom*)
                0x0000000000810000                __eeprom_end = .

.fuse           0x0000000000820000        0x3
 *(.fuse)
 .fuse          0x0000000000820000        0x3 obj/Release/fuse.o
                0x0000000000820000                __fuse
 *(.lfuse)
 *(.hfuse)
 *(.efuse)

.lock
 *(.lock*)

.signature
 *(.signature*)

.user_signatures
 *(.user_signatures*)

.stab
 *(.stab)

.stabstr
 *(.stabstr)

.stab.excl
 *(.stab.excl)

.stab.exclstr
 *(.stab.exclstr)

.stab.index
 *(.stab.index)

.stab.indexstr
 *(.stab.indexstr)

.comment        0x0000000000000000       0x11
 *(.comment)
 .comment       0x0000000000000000       0x11 obj/Release/fuse.o
                                         0x12 (size before relaxing)
 .comment       0x0000000000000011       0x12 obj/Release/main.o
 .comment       0x0000000000000011       0x12 obj/Release/tempfsm.o
 .comment       0x0000000000000011       0x12 obj/Release/util.o
 .comment       0x0000000000000011       0x12 obj/Release/wdt.o
 .comment       0x0000000000000011       0x12 /home/nubian/project3_test/lib_proj3.a(alarm.o)
 .comment       0x0000000000000011       0x12 /home/nubian/project3_test/lib_proj3.a(config.o)
 .comment       0x0000000000000011       0x12 /home/nubian/project3_test/lib_proj3.a(delay.o)
 .comment       0x0000000000000011       0x12 /home/nubian/project3_test/lib_proj3.a(eeprom.o)
 .comment       0x0000000000000011       0x12 /home/nubian/project3_test/lib_proj3.a(led.o)
 .comment       0x0000000000000011       0x12 /home/nubian/project3_test/lib_proj3.a(led_part.o)
 .comment       0x0000000000000011       0x12 /home/nubian/project3_test/lib_proj3.a(log.o)
 .comment       0x0000000000000011       0x12 /home/nubian/project3_test/lib_proj3.a(rtc.o)
 .comment       0x0000000000000011       0x12 /home/nubian/project3_test/lib_proj3.a(str.o)
 .comment       0x0000000000000011       0x12 /home/nubian/project3_test/lib_proj3.a(temp.o)
 .comment       0x0000000000000011       0x12 /home/nubian/project3_test/lib_proj3.a(timer1.o)
 .comment       0x0000000000000011       0x12 /home/nubian/project3_test/lib_proj3.a(uart.o)
 .comment       0x0000000000000011       0x12 /home/nubian/project3_test/lib_proj3.a(util_part.o)
 .comment       0x0000000000000011       0x12 /home/nubian/project3_test/lib_proj3.a(vpd.o)
 .comment       0x0000000000000011       0x12 /home/nubian/project3_test/lib_proj3.a(serial.o)

.note.gnu.avr.deviceinfo
                0x0000000000000000       0x40
 .note.gnu.avr.deviceinfo
                0x0000000000000000       0x40 /usr/lib/gcc/avr/4.9.2/../../../avr/lib/avr5/crtatmega328p.o

.note.gnu.build-id
 *(.note.gnu.build-id)

.debug
 *(.debug)

.line
 *(.line)

.debug_srcinfo
 *(.debug_srcinfo)

.debug_sfnames
 *(.debug_sfnames)

.debug_aranges
 *(.debug_aranges)

.debug_pubnames
 *(.debug_pubnames)

.debug_info
 *(.debug_info .gnu.linkonce.wi.*)

.debug_abbrev
 *(.debug_abbrev)

.debug_line
 *(.debug_line .debug_line.* .debug_line_end)

.debug_frame
 *(.debug_frame)

.debug_str
 *(.debug_str)

.debug_loc
 *(.debug_loc)

.debug_macinfo
 *(.debug_macinfo)

.debug_weaknames
 *(.debug_weaknames)

.debug_funcnames
 *(.debug_funcnames)

.debug_typenames
 *(.debug_typenames)

.debug_varnames
 *(.debug_varnames)

.debug_pubtypes
 *(.debug_pubtypes)

.debug_ranges
 *(.debug_ranges)

.debug_macro
 *(.debug_macro)
OUTPUT(bin/Release/project3_test.elf elf32-avr)
LOAD linker stubs

Cross Reference Table

Symbol                                            File
__bad_interrupt                                   /usr/lib/gcc/avr/4.9.2/../../../avr/lib/avr5/crtatmega328p.o
__bss_end                                         /usr/lib/gcc/avr/4.9.2/avr5/libgcc.a(_clear_bss.o)
__bss_start                                       /usr/lib/gcc/avr/4.9.2/avr5/libgcc.a(_clear_bss.o)
__data_end                                        /usr/lib/gcc/avr/4.9.2/avr5/libgcc.a(_copy_data.o)
__data_load_start                                 /usr/lib/gcc/avr/4.9.2/avr5/libgcc.a(_copy_data.o)
__data_start                                      /usr/lib/gcc/avr/4.9.2/avr5/libgcc.a(_copy_data.o)
__divmodhi4                                       /usr/lib/gcc/avr/4.9.2/avr5/libgcc.a(_divmodhi4.o)
                                                  /home/nubian/project3_test/lib_proj3.a(log.o)
__divmodsi4                                       /usr/lib/gcc/avr/4.9.2/avr5/libgcc.a(_divmodsi4.o)
                                                  /home/nubian/project3_test/lib_proj3.a(uart.o)
                                                  /home/nubian/project3_test/lib_proj3.a(temp.o)
__do_clear_bss                                    /usr/lib/gcc/avr/4.9.2/avr5/libgcc.a(_clear_bss.o)
                                                  /home/nubian/project3_test/lib_proj3.a(serial.o)
                                                  /home/nubian/project3_test/lib_proj3.a(vpd.o)
                                                  /home/nubian/project3_test/lib_proj3.a(util_part.o)
                                                  /home/nubian/project3_test/lib_proj3.a(timer1.o)
                                                  /home/nubian/project3_test/lib_proj3.a(rtc.o)
                                                  /home/nubian/project3_test/lib_proj3.a(log.o)
                                                  /home/nubian/project3_test/lib_proj3.a(led.o)
                                                  /home/nubian/project3_test/lib_proj3.a(eeprom.o)
                                                  /home/nubian/project3_test/lib_proj3.a(delay.o)
                                                  /home/nubian/project3_test/lib_proj3.a(config.o)
                                                  obj/Release/wdt.o
                                                  obj/Release/util.o
                                                  obj/Release/tempfsm.o
                                                  obj/Release/main.o
__do_copy_data                                    /usr/lib/gcc/avr/4.9.2/avr5/libgcc.a(_copy_data.o)
                                                  /home/nubian/project3_test/lib_proj3.a(vpd.o)
                                                  /home/nubian/project3_test/lib_proj3.a(util_part.o)
                                                  /home/nubian/project3_test/lib_proj3.a(rtc.o)
                                                  /home/nubian/project3_test/lib_proj3.a(config.o)
                                                  /home/nubian/project3_test/lib_proj3.a(alarm.o)
                                                  obj/Release/tempfsm.o
                                                  obj/Release/main.o
__fuse                                            obj/Release/fuse.o
__heap_end                                        /usr/lib/gcc/avr/4.9.2/../../../avr/lib/avr5/crtatmega328p.o
__init                                            /usr/lib/gcc/avr/4.9.2/../../../avr/lib/avr5/crtatmega328p.o
__mulsi3                                          /usr/lib/gcc/avr/4.9.2/avr5/libgcc.a(_mulsi3.o)
                                                  /home/nubian/project3_test/lib_proj3.a(rtc.o)
__muluhisi3                                       /usr/lib/gcc/avr/4.9.2/avr5/libgcc.a(_muluhisi3.o)
                                                  /usr/lib/gcc/avr/4.9.2/avr5/libgcc.a(_mulsi3.o)
                                                  /home/nubian/project3_test/lib_proj3.a(util_part.o)
                                                  /home/nubian/project3_test/lib_proj3.a(uart.o)
                                                  /home/nubian/project3_test/lib_proj3.a(temp.o)
                                                  /home/nubian/project3_test/lib_proj3.a(rtc.o)
__negsi2                                          /usr/lib/gcc/avr/4.9.2/avr5/libgcc.a(_negsi2.o)
                                                  /usr/lib/gcc/avr/4.9.2/avr5/libgcc.a(_divmodsi4.o)
__stack                                           /usr/lib/gcc/avr/4.9.2/../../../avr/lib/avr5/crtatmega328p.o
__udivmodhi4                                      /usr/lib/gcc/avr/4.9.2/avr5/libgcc.a(_udivmodhi4.o)
                                                  /usr/lib/gcc/avr/4.9.2/avr5/libgcc.a(_divmodhi4.o)
                                                  /home/nubian/project3_test/lib_proj3.a(str.o)
                                                  /home/nubian/project3_test/lib_proj3.a(rtc.o)
__udivmodsi4                                      /usr/lib/gcc/avr/4.9.2/avr5/libgcc.a(_udivmodsi4.o)
                                                  /usr/lib/gcc/avr/4.9.2/avr5/libgcc.a(_divmodsi4.o)
                                                  /home/nubian/project3_test/lib_proj3.a(util_part.o)
                                                  /home/nubian/project3_test/lib_proj3.a(rtc.o)
__umulhisi3                                       /usr/lib/gcc/avr/4.9.2/avr5/libgcc.a(_umulhisi3.o)
                                                  /usr/lib/gcc/avr/4.9.2/avr5/libgcc.a(_muluhisi3.o)
                                                  /home/nubian/project3_test/lib_proj3.a(rtc.o)
__vector_1                                        /usr/lib/gcc/avr/4.9.2/../../../avr/lib/avr5/crtatmega328p.o
__vector_10                                       /usr/lib/gcc/avr/4.9.2/../../../avr/lib/avr5/crtatmega328p.o
__vector_11                                       /home/nubian/project3_test/lib_proj3.a(timer1.o)
                                                  /usr/lib/gcc/avr/4.9.2/../../../avr/lib/avr5/crtatmega328p.o
__vector_12                                       /usr/lib/gcc/avr/4.9.2/../../../avr/lib/avr5/crtatmega328p.o
__vector_13                                       /usr/lib/gcc/avr/4.9.2/../../../avr/lib/avr5/crtatmega328p.o
__vector_14                                       /home/nubian/project3_test/lib_proj3.a(delay.o)
                                                  /usr/lib/gcc/avr/4.9.2/../../../avr/lib/avr5/crtatmega328p.o
__vector_15                                       /usr/lib/gcc/avr/4.9.2/../../../avr/lib/avr5/crtatmega328p.o
__vector_16                                       /usr/lib/gcc/avr/4.9.2/../../../avr/lib/avr5/crtatmega328p.o
__vector_17                                       /usr/lib/gcc/avr/4.9.2/../../../avr/lib/avr5/crtatmega328p.o
__vector_18                                       /home/nubian/project3_test/lib_proj3.a(serial.o)
                                                  /usr/lib/gcc/avr/4.9.2/../../../avr/lib/avr5/crtatmega328p.o
__vector_19                                       /home/nubian/project3_test/lib_proj3.a(serial.o)
                                                  /usr/lib/gcc/avr/4.9.2/../../../avr/lib/avr5/crtatmega328p.o
__vector_2                                        /usr/lib/gcc/avr/4.9.2/../../../avr/lib/avr5/crtatmega328p.o
__vector_20                                       /usr/lib/gcc/avr/4.9.2/../../../avr/lib/avr5/crtatmega328p.o
__vector_21                                       /usr/lib/gcc/avr/4.9.2/../../../avr/lib/avr5/crtatmega328p.o
__vector_22                                       /home/nubian/project3_test/lib_proj3.a(eeprom.o)
                                                  /usr/lib/gcc/avr/4.9.2/../../../avr/lib/avr5/crtatmega328p.o
__vector_23                                       /usr/lib/gcc/avr/4.9.2/../../../avr/lib/avr5/crtatmega328p.o
__vector_24                                       /usr/lib/gcc/avr/4.9.2/../../../avr/lib/avr5/crtatmega328p.o
__vector_25                                       /usr/lib/gcc/avr/4.9.2/../../../avr/lib/avr5/crtatmega328p.o
__vector_3                                        /usr/lib/gcc/avr/4.9.2/../../../avr/lib/avr5/crtatmega328p.o
__vector_4                                        /usr/lib/gcc/avr/4.9.2/../../../avr/lib/avr5/crtatmega328p.o
__vector_5                                        /usr/lib/gcc/avr/4.9.2/../../../avr/lib/avr5/crtatmega328p.o
__vector_6                                        obj/Release/wdt.o
                                                  /usr/lib/gcc/avr/4.9.2/../../../avr/lib/avr5/crtatmega328p.o
__vector_7                                        /usr/lib/gcc/avr/4.9.2/../../../avr/lib/avr5/crtatmega328p.o
__vector_8                                        /usr/lib/gcc/avr/4.9.2/../../../avr/lib/avr5/crtatmega328p.o
__vector_9                                        /usr/lib/gcc/avr/4.9.2/../../../avr/lib/avr5/crtatmega328p.o
__vector_default                                  /usr/lib/gcc/avr/4.9.2/../../../avr/lib/avr5/crtatmega328p.o
__vectors                                         /usr/lib/gcc/avr/4.9.2/../../../avr/lib/avr5/crtatmega328p.o
_div                                              /usr/lib/gcc/avr/4.9.2/avr5/libgcc.a(_divmodhi4.o)
_exit                                             /usr/lib/gcc/avr/4.9.2/avr5/libgcc.a(_exit.o)
alarm_init                                        /home/nubian/project3_test/lib_proj3.a(alarm.o)
                                                  obj/Release/main.o
alarm_send                                        /home/nubian/project3_test/lib_proj3.a(alarm.o)
                                                  obj/Release/tempfsm.o
bufidx                                            /home/nubian/project3_test/lib_proj3.a(eeprom.o)
config                                            /home/nubian/project3_test/lib_proj3.a(util_part.o)
                                                  /home/nubian/project3_test/lib_proj3.a(config.o)
                                                  obj/Release/wdt.o
                                                  obj/Release/util.o
                                                  obj/Release/main.o
config_init                                       /home/nubian/project3_test/lib_proj3.a(config.o)
                                                  obj/Release/main.o
config_is_data_valid                              /home/nubian/project3_test/lib_proj3.a(config.o)
config_set_modified                               /home/nubian/project3_test/lib_proj3.a(config.o)
config_update                                     /home/nubian/project3_test/lib_proj3.a(config.o)
                                                  obj/Release/main.o
config_update_noisr                               /home/nubian/project3_test/lib_proj3.a(config.o)
                                                  obj/Release/wdt.o
config_write_defaults                             /home/nubian/project3_test/lib_proj3.a(config.o)
current_temperature                               obj/Release/main.o
                                                  /home/nubian/project3_test/lib_proj3.a(util_part.o)
delay_get                                         /home/nubian/project3_test/lib_proj3.a(delay.o)
delay_init                                        /home/nubian/project3_test/lib_proj3.a(delay.o)
delay_isdone                                      /home/nubian/project3_test/lib_proj3.a(delay.o)
                                                  /home/nubian/project3_test/lib_proj3.a(led.o)
                                                  obj/Release/main.o
delay_set                                         /home/nubian/project3_test/lib_proj3.a(delay.o)
                                                  /home/nubian/project3_test/lib_proj3.a(led.o)
                                                  obj/Release/main.o
dump_eeprom                                       /home/nubian/project3_test/lib_proj3.a(util_part.o)
eeprom_isbusy                                     /home/nubian/project3_test/lib_proj3.a(eeprom.o)
                                                  /home/nubian/project3_test/lib_proj3.a(vpd.o)
                                                  /home/nubian/project3_test/lib_proj3.a(log.o)
                                                  /home/nubian/project3_test/lib_proj3.a(config.o)
                                                  obj/Release/main.o
eeprom_readbuf                                    /home/nubian/project3_test/lib_proj3.a(eeprom.o)
                                                  /home/nubian/project3_test/lib_proj3.a(vpd.o)
                                                  /home/nubian/project3_test/lib_proj3.a(util_part.o)
                                                  /home/nubian/project3_test/lib_proj3.a(log.o)
                                                  /home/nubian/project3_test/lib_proj3.a(config.o)
eeprom_writebuf                                   /home/nubian/project3_test/lib_proj3.a(eeprom.o)
                                                  /home/nubian/project3_test/lib_proj3.a(vpd.o)
                                                  /home/nubian/project3_test/lib_proj3.a(log.o)
                                                  /home/nubian/project3_test/lib_proj3.a(config.o)
eeprom_writebuf_noisr                             /home/nubian/project3_test/lib_proj3.a(eeprom.o)
                                                  /home/nubian/project3_test/lib_proj3.a(log.o)
                                                  /home/nubian/project3_test/lib_proj3.a(config.o)
exit                                              /usr/lib/gcc/avr/4.9.2/avr5/libgcc.a(_exit.o)
                                                  /usr/lib/gcc/avr/4.9.2/../../../avr/lib/avr5/crtatmega328p.o
get_month                                         /home/nubian/project3_test/lib_proj3.a(rtc.o)
is_leapyear                                       /home/nubian/project3_test/lib_proj3.a(rtc.o)
led_init                                          /home/nubian/project3_test/lib_proj3.a(led_part.o)
                                                  obj/Release/main.o
led_is_on                                         /home/nubian/project3_test/lib_proj3.a(led_part.o)
led_off                                           /home/nubian/project3_test/lib_proj3.a(led_part.o)
                                                  /home/nubian/project3_test/lib_proj3.a(led.o)
led_on                                            /home/nubian/project3_test/lib_proj3.a(led_part.o)
                                                  /home/nubian/project3_test/lib_proj3.a(led.o)
                                                  obj/Release/wdt.o
led_set_blink                                     /home/nubian/project3_test/lib_proj3.a(led.o)
                                                  obj/Release/tempfsm.o
led_update                                        /home/nubian/project3_test/lib_proj3.a(led.o)
                                                  /home/nubian/project3_test/lib_proj3.a(delay.o)
log_add_record                                    /home/nubian/project3_test/lib_proj3.a(log.o)
                                                  /home/nubian/project3_test/lib_proj3.a(util_part.o)
                                                  obj/Release/wdt.o
                                                  obj/Release/tempfsm.o
                                                  obj/Release/main.o
log_clear                                         /home/nubian/project3_test/lib_proj3.a(log.o)
                                                  /home/nubian/project3_test/lib_proj3.a(util_part.o)
log_get_num_entries                               /home/nubian/project3_test/lib_proj3.a(log.o)
                                                  /home/nubian/project3_test/lib_proj3.a(util_part.o)
log_get_record                                    /home/nubian/project3_test/lib_proj3.a(log.o)
                                                  /home/nubian/project3_test/lib_proj3.a(util_part.o)
log_init                                          /home/nubian/project3_test/lib_proj3.a(log.o)
                                                  obj/Release/main.o
log_is_data_valid                                 /home/nubian/project3_test/lib_proj3.a(log.o)
log_update                                        /home/nubian/project3_test/lib_proj3.a(log.o)
                                                  obj/Release/main.o
log_update_noisr                                  /home/nubian/project3_test/lib_proj3.a(log.o)
                                                  /home/nubian/project3_test/lib_proj3.a(util_part.o)
                                                  obj/Release/wdt.o
main                                              obj/Release/main.o
                                                  /usr/lib/gcc/avr/4.9.2/../../../avr/lib/avr5/crtatmega328p.o
mem_cpy                                           /home/nubian/project3_test/lib_proj3.a(str.o)
mem_set                                           /home/nubian/project3_test/lib_proj3.a(str.o)
millis                                            /home/nubian/project3_test/lib_proj3.a(delay.o)
parse_and_send_response                           /home/nubian/project3_test/lib_proj3.a(util_part.o)
                                                  obj/Release/main.o
random                                            /home/nubian/project3_test/lib_proj3.a(util_part.o)
random_seed                                       /home/nubian/project3_test/lib_proj3.a(util_part.o)
rtc_base                                          /home/nubian/project3_test/lib_proj3.a(rtc.o)
rtc_get_date                                      /home/nubian/project3_test/lib_proj3.a(rtc.o)
                                                  /home/nubian/project3_test/lib_proj3.a(log.o)
rtc_get_date_string                               /home/nubian/project3_test/lib_proj3.a(rtc.o)
rtc_init                                          /home/nubian/project3_test/lib_proj3.a(rtc.o)
                                                  obj/Release/main.o
rtc_num2datestr                                   /home/nubian/project3_test/lib_proj3.a(rtc.o)
                                                  /home/nubian/project3_test/lib_proj3.a(util_part.o)
rtc_set_by_datestr                                /home/nubian/project3_test/lib_proj3.a(rtc.o)
rxbuf                                             /home/nubian/project3_test/lib_proj3.a(serial.o)
rxhead                                            /home/nubian/project3_test/lib_proj3.a(serial.o)
rxtail                                            /home/nubian/project3_test/lib_proj3.a(serial.o)
serial_init                                       /home/nubian/project3_test/lib_proj3.a(serial.o)
                                                  /home/nubian/project3_test/lib_proj3.a(uart.o)
serial_is_packet_ready                            /home/nubian/project3_test/lib_proj3.a(serial.o)
                                                  /home/nubian/project3_test/lib_proj3.a(uart.o)
serial_isconnected                                /home/nubian/project3_test/lib_proj3.a(serial.o)
                                                  /home/nubian/project3_test/lib_proj3.a(uart.o)
serial_popchar                                    /home/nubian/project3_test/lib_proj3.a(serial.o)
                                                  /home/nubian/project3_test/lib_proj3.a(uart.o)
serial_rxchars                                    /home/nubian/project3_test/lib_proj3.a(serial.o)
                                                  /home/nubian/project3_test/lib_proj3.a(uart.o)
serial_writechar                                  /home/nubian/project3_test/lib_proj3.a(serial.o)
                                                  /home/nubian/project3_test/lib_proj3.a(uart.o)
serial_writestr                                   /home/nubian/project3_test/lib_proj3.a(serial.o)
serial_writestr_P                                 /home/nubian/project3_test/lib_proj3.a(serial.o)
str_cmp                                           /home/nubian/project3_test/lib_proj3.a(util_part.o)
str_cpy                                           /home/nubian/project3_test/lib_proj3.a(str.o)
                                                  /home/nubian/project3_test/lib_proj3.a(rtc.o)
str_len                                           /home/nubian/project3_test/lib_proj3.a(str.o)
str_writeudec16                                   /home/nubian/project3_test/lib_proj3.a(str.o)
                                                  /home/nubian/project3_test/lib_proj3.a(rtc.o)
strtoi                                            /home/nubian/project3_test/lib_proj3.a(util_part.o)
temp_get                                          /home/nubian/project3_test/lib_proj3.a(temp.o)
                                                  obj/Release/main.o
temp_init                                         /home/nubian/project3_test/lib_proj3.a(temp.o)
                                                  obj/Release/main.o
temp_is_data_ready                                /home/nubian/project3_test/lib_proj3.a(temp.o)
temp_start                                        /home/nubian/project3_test/lib_proj3.a(temp.o)
                                                  obj/Release/main.o
tempfsm_init                                      obj/Release/tempfsm.o
                                                  obj/Release/main.o
tempfsm_reset                                     obj/Release/tempfsm.o
                                                  /home/nubian/project3_test/lib_proj3.a(util_part.o)
tempfsm_update                                    obj/Release/tempfsm.o
                                                  obj/Release/main.o
timer1_clear                                      /home/nubian/project3_test/lib_proj3.a(timer1.o)
                                                  /home/nubian/project3_test/lib_proj3.a(rtc.o)
timer1_get                                        /home/nubian/project3_test/lib_proj3.a(timer1.o)
                                                  /home/nubian/project3_test/lib_proj3.a(rtc.o)
timer1_init                                       /home/nubian/project3_test/lib_proj3.a(timer1.o)
                                                  /home/nubian/project3_test/lib_proj3.a(rtc.o)
txbuf                                             /home/nubian/project3_test/lib_proj3.a(serial.o)
txhead                                            /home/nubian/project3_test/lib_proj3.a(serial.o)
txtail                                            /home/nubian/project3_test/lib_proj3.a(serial.o)
uart_init                                         /home/nubian/project3_test/lib_proj3.a(uart.o)
                                                  obj/Release/main.o
uart_is_connected                                 /home/nubian/project3_test/lib_proj3.a(uart.o)
                                                  obj/Release/main.o
uart_is_packet_available                          /home/nubian/project3_test/lib_proj3.a(uart.o)
                                                  obj/Release/main.o
uart_readpacket                                   /home/nubian/project3_test/lib_proj3.a(uart.o)
                                                  /home/nubian/project3_test/lib_proj3.a(util_part.o)
uart_writechar                                    /home/nubian/project3_test/lib_proj3.a(uart.o)
                                                  /home/nubian/project3_test/lib_proj3.a(util_part.o)
uart_writedec32                                   /home/nubian/project3_test/lib_proj3.a(uart.o)
                                                  /home/nubian/project3_test/lib_proj3.a(util_part.o)
                                                  /home/nubian/project3_test/lib_proj3.a(alarm.o)
uart_writehex16                                   /home/nubian/project3_test/lib_proj3.a(uart.o)
uart_writehex8                                    /home/nubian/project3_test/lib_proj3.a(uart.o)
                                                  /home/nubian/project3_test/lib_proj3.a(util_part.o)
uart_writestr                                     /home/nubian/project3_test/lib_proj3.a(uart.o)
                                                  /home/nubian/project3_test/lib_proj3.a(util_part.o)
                                                  /home/nubian/project3_test/lib_proj3.a(alarm.o)
                                                  obj/Release/main.o
update_checksum                                   /home/nubian/project3_test/lib_proj3.a(util_part.o)
                                                  /home/nubian/project3_test/lib_proj3.a(vpd.o)
                                                  /home/nubian/project3_test/lib_proj3.a(log.o)
                                                  /home/nubian/project3_test/lib_proj3.a(config.o)
update_tcrit_hi                                   obj/Release/util.o
                                                  /home/nubian/project3_test/lib_proj3.a(util_part.o)
update_tcrit_lo                                   obj/Release/util.o
                                                  /home/nubian/project3_test/lib_proj3.a(util_part.o)
update_twarn_hi                                   obj/Release/util.o
                                                  /home/nubian/project3_test/lib_proj3.a(util_part.o)
update_twarn_lo                                   obj/Release/util.o
                                                  /home/nubian/project3_test/lib_proj3.a(util_part.o)
vpd                                               /home/nubian/project3_test/lib_proj3.a(vpd.o)
                                                  /home/nubian/project3_test/lib_proj3.a(util_part.o)
                                                  obj/Release/main.o
vpd_init                                          /home/nubian/project3_test/lib_proj3.a(vpd.o)
                                                  obj/Release/main.o
vpd_is_data_valid                                 /home/nubian/project3_test/lib_proj3.a(vpd.o)
vpd_write_defaults                                /home/nubian/project3_test/lib_proj3.a(vpd.o)
wdt_force_restart                                 obj/Release/wdt.o
                                                  /home/nubian/project3_test/lib_proj3.a(util_part.o)
wdt_init                                          obj/Release/wdt.o
                                                  obj/Release/main.o
wdt_reset                                         obj/Release/wdt.o
                                                  obj/Release/main.o
write_busy                                        /home/nubian/project3_test/lib_proj3.a(eeprom.o)
write_log_entry                                   /home/nubian/project3_test/lib_proj3.a(util_part.o)
writeaddr                                         /home/nubian/project3_test/lib_proj3.a(eeprom.o)
writebuf                                          /home/nubian/project3_test/lib_proj3.a(eeprom.o)
writesize                                         /home/nubian/project3_test/lib_proj3.a(eeprom.o)
